2026-08-07 01:40:28.590: [INFO] CurrentProfilePath: C:\Users\AxeilAchia\Desktop\HEY hachi\Hey-hachi\.webview_profile\EBWebView\Default
2026-08-07 01:40:28.590: [INFO] Profiles total count: 1
2026-08-07 01:40:28.590: [INFO] Profile: name=Profile 1 path=C:\Users\AxeilAchia\Desktop\HEY hachi\Hey-hachi\.webview_profile\EBWebView\Default lastActive=null
2026-08-07 01:40:28.590: [INFO] LastUsedProfileDir: C:\Users\AxeilAchia\Desktop\HEY hachi\Hey-hachi\.webview_profile\EBWebView\Default
2026-08-07 01:40:28.590: [INFO] OnDoneLoading sync enabled: 0
2026-08-07 01:40:28.590: [INFO] BookmarkModelLoaded, ids_reassigned: 0
2026-08-07 01:40:28.590: [INFO] BookmarksLoadDropped droppedNodes=0
2026-08-07 01:40:28.590: [INFO] BookmarksSnapshot Startup total=0 bar=0 other=0 mobile=0 showBar=0 showBarNTP=1
2026-08-07 01:44:39.553: [INFO] BookmarksSnapshot Shutdown total=0 bar=0 other=0 mobile=0 showBar=0 showBarNTP=1
2026-08-07 02:46:13.960: [INFO] CurrentProfilePath: C:\Users\AxeilAchia\Desktop\HEY hachi\Hey-hachi\.webview_profile\EBWebView\Default
2026-08-07 02:46:13.960: [INFO] Profiles total count: 1
2026-08-07 02:46:13.961: [INFO] Profile: name=Profile 1 path=C:\Users\AxeilAchia\Desktop\HEY hachi\Hey-hachi\.webview_profile\EBWebView\Default lastActive=2026-08-07T01:44:02.160Z
2026-08-07 02:46:13.961: [INFO] LastUsedProfileDir: C:\Users\AxeilAchia\Desktop\HEY hachi\Hey-hachi\.webview_profile\EBWebView\Default
2026-08-07 02:46:13.961: [INFO] MostRecentlyActiveProfile: name=Profile 1 path=C:\Users\AxeilAchia\Desktop\HEY hachi\Hey-hachi\.webview_profile\EBWebView\Default lastActive=2026-08-07T01:44:02.160Z
2026-08-07 02:46:13.961: [INFO] OnDoneLoading sync enabled: 0
2026-08-07 02:46:13.961: [INFO] BookmarkModelLoaded, ids_reassigned: 0
2026-08-07 02:46:13.961: [INFO] BookmarksLoadDropped droppedNodes=0
2026-08-07 02:46:13.961: [INFO] BookmarksSnapshot Startup total=0 bar=0 other=0 mobile=0 showBar=0 showBarNTP=1
2026-08-07 02:46:45.486: [INFO] BookmarksSnapshot Shutdown total=0 bar=0 other=0 mobile=0 showBar=0 showBarNTP=1
2026-08-07 02:49:17.939: [INFO] CurrentProfilePath: C:\Users\AxeilAchia\Desktop\HEY hachi\Hey-hachi\.webview_profile\EBWebView\Default
2026-08-07 02:49:17.939: [INFO] Profiles total count: 1
2026-08-07 02:49:17.939: [INFO] Profile: name=Profile 1 path=C:\Users\AxeilAchia\Desktop\HEY hachi\Hey-hachi\.webview_profile\EBWebView\Default lastActive=2026-08-07T02:48:47.814Z
2026-08-07 02:49:17.939: [INFO] LastUsedProfileDir: C:\Users\AxeilAchia\Desktop\HEY hachi\Hey-hachi\.webview_profile\EBWebView\Default
2026-08-07 02:49:17.939: [INFO] MostRecentlyActiveProfile: name=Profile 1 path=C:\Users\AxeilAchia\Desktop\HEY hachi\Hey-hachi\.webview_profile\EBWebView\Default lastActive=2026-08-07T02:48:47.814Z
2026-08-07 02:49:17.939: [INFO] OnDoneLoading sync enabled: 0
2026-08-07 02:49:17.939: [INFO] BookmarkModelLoaded, ids_reassigned: 0
2026-08-07 02:49:17.939: [INFO] BookmarksLoadDropped droppedNodes=0
2026-08-07 02:49:17.939: [INFO] BookmarksSnapshot Startup total=0 bar=0 other=0 mobile=0 showBar=0 showBarNTP=1
2026-08-07 02:49:57.465: [INFO] CurrentProfilePath: C:\Users\AxeilAchia\Desktop\HEY hachi\Hey-hachi\.webview_profile\EBWebView\Default
2026-08-07 02:49:57.465: [INFO] Profiles total count: 1
2026-08-07 02:49:57.465: [INFO] Profile: name=Profile 1 path=C:\Users\AxeilAchia\Desktop\HEY hachi\Hey-hachi\.webview_profile\EBWebView\Default lastActive=2026-08-07T02:49:18.016Z
2026-08-07 02:49:57.465: [INFO] LastUsedProfileDir: C:\Users\AxeilAchia\Desktop\HEY hachi\Hey-hachi\.webview_profile\EBWebView\Default
2026-08-07 02:49:57.465: [INFO] MostRecentlyActiveProfile: name=Profile 1 path=C:\Users\AxeilAchia\Desktop\HEY hachi\Hey-hachi\.webview_profile\EBWebView\Default lastActive=2026-08-07T02:49:18.016Z
2026-08-07 02:49:57.465: [INFO] OnDoneLoading sync enabled: 0
2026-08-07 02:49:57.465: [INFO] BookmarkModelLoaded, ids_reassigned: 0
2026-08-07 02:49:57.465: [INFO] BookmarksLoadDropped droppedNodes=0
2026-08-07 02:49:57.465: [INFO] BookmarksSnapshot Startup total=0 bar=0 other=0 mobile=0 showBar=0 showBarNTP=1
2026-08-07 02:53:44.047: [INFO] CurrentProfilePath: C:\Users\AxeilAchia\Desktop\HEY hachi\Hey-hachi\.webview_profile\EBWebView\Default
2026-08-07 02:53:44.047: [INFO] Profiles total count: 1
2026-08-07 02:53:44.048: [INFO] Profile: name=Profile 1 path=C:\Users\AxeilAchia\Desktop\HEY hachi\Hey-hachi\.webview_profile\EBWebView\Default lastActive=2026-08-07T02:49:57.548Z
2026-08-07 02:53:44.048: [INFO] LastUsedProfileDir: C:\Users\AxeilAchia\Desktop\HEY hachi\Hey-hachi\.webview_profile\EBWebView\Default
2026-08-07 02:53:44.048: [INFO] MostRecentlyActiveProfile: name=Profile 1 path=C:\Users\AxeilAchia\Desktop\HEY hachi\Hey-hachi\.webview_profile\EBWebView\Default lastActive=2026-08-07T02:49:57.548Z
2026-08-07 02:53:44.048: [INFO] OnDoneLoading sync enabled: 0
2026-08-07 02:53:44.048: [INFO] BookmarkModelLoaded, ids_reassigned: 0
2026-08-07 02:53:44.048: [INFO] BookmarksLoadDropped droppedNodes=0
2026-08-07 02:53:44.048: [INFO] BookmarksSnapshot Startup total=0 bar=0 other=0 mobile=0 showBar=0 showBarNTP=1
2026-08-07 02:53:53.191: [INFO] BookmarksSnapshot Shutdown total=0 bar=0 other=0 mobile=0 showBar=0 showBarNTP=1
2026-08-07 02:55:00.385: [INFO] CurrentProfilePath: C:\Users\AxeilAchia\Desktop\HEY hachi\Hey-hachi\.webview_profile\EBWebView\Default
2026-08-07 02:55:00.385: [INFO] Profiles total count: 1
2026-08-07 02:55:00.385: [INFO] Profile: name=Profile 1 path=C:\Users\AxeilAchia\Desktop\HEY hachi\Hey-hachi\.webview_profile\EBWebView\Default lastActive=2026-08-07T02:53:44.133Z
2026-08-07 02:55:00.385: [INFO] LastUsedProfileDir: C:\Users\AxeilAchia\Desktop\HEY hachi\Hey-hachi\.webview_profile\EBWebView\Default
2026-08-07 02:55:00.385: [INFO] MostRecentlyActiveProfile: name=Profile 1 path=C:\Users\AxeilAchia\Desktop\HEY hachi\Hey-hachi\.webview_profile\EBWebView\Default lastActive=2026-08-07T02:53:44.133Z
2026-08-07 02:55:00.385: [INFO] OnDoneLoading sync enabled: 0
2026-08-07 02:55:00.385: [INFO] BookmarkModelLoaded, ids_reassigned: 0
2026-08-07 02:55:00.385: [INFO] BookmarksLoadDropped droppedNodes=0
2026-08-07 02:55:00.385: [INFO] BookmarksSnapshot Startup total=0 bar=0 other=0 mobile=0 showBar=0 showBarNTP=1
2026-08-07 02:55:17.949: [INFO] BookmarksSnapshot Shutdown total=0 bar=0 other=0 mobile=0 showBar=0 showBarNTP=1
2026-08-07 02:58:00.018: [INFO] CurrentProfilePath: C:\Users\AxeilAchia\Desktop\HEY hachi\Hey-hachi\.webview_profile\EBWebView\Default
2026-08-07 02:58:00.018: [INFO] Profiles total count: 1
2026-08-07 02:58:00.018: [INFO] Profile: name=Profile 1 path=C:\Users\AxeilAchia\Desktop\HEY hachi\Hey-hachi\.webview_profile\EBWebView\Default lastActive=2026-08-07T02:55:00.480Z
2026-08-07 02:58:00.018: [INFO] LastUsedProfileDir: C:\Users\AxeilAchia\Desktop\HEY hachi\Hey-hachi\.webview_profile\EBWebView\Default
2026-08-07 02:58:00.018: [INFO] MostRecentlyActiveProfile: name=Profile 1 path=C:\Users\AxeilAchia\Desktop\HEY hachi\Hey-hachi\.webview_profile\EBWebView\Default lastActive=2026-08-07T02:55:00.480Z
2026-08-07 02:58:00.018: [INFO] OnDoneLoading sync enabled: 0
2026-08-07 02:58:00.018: [INFO] BookmarkModelLoaded, ids_reassigned: 0
2026-08-07 02:58:00.018: [INFO] BookmarksLoadDropped droppedNodes=0
2026-08-07 02:58:00.018: [INFO] BookmarksSnapshot Startup total=0 bar=0 other=0 mobile=0 showBar=0 showBarNTP=1
2026-08-07 03:01:18.518: [INFO] CurrentProfilePath: C:\Users\AxeilAchia\Desktop\HEY hachi\Hey-hachi\.webview_profile\EBWebView\Default
2026-08-07 03:01:18.518: [INFO] Profiles total count: 1
2026-08-07 03:01:18.519: [INFO] Profile: name=Profile 1 path=C:\Users\AxeilAchia\Desktop\HEY hachi\Hey-hachi\.webview_profile\EBWebView\Default lastActive=2026-08-07T02:58:00.105Z
2026-08-07 03:01:18.519: [INFO] LastUsedProfileDir: C:\Users\AxeilAchia\Desktop\HEY hachi\Hey-hachi\.webview_profile\EBWebView\Default
2026-08-07 03:01:18.519: [INFO] MostRecentlyActiveProfile: name=Profile 1 path=C:\Users\AxeilAchia\Desktop\HEY hachi\Hey-hachi\.webview_profile\EBWebView\Default lastActive=2026-08-07T02:58:00.105Z
2026-08-07 03:01:18.519: [INFO] OnDoneLoading sync enabled: 0
2026-08-07 03:01:18.519: [INFO] BookmarkModelLoaded, ids_reassigned: 0
2026-08-07 03:01:18.519: [INFO] BookmarksLoadDropped droppedNodes=0
2026-08-07 03:01:18.519: [INFO] BookmarksSnapshot Startup total=0 bar=0 other=0 mobile=0 showBar=0 showBarNTP=1
2026-08-07 03:02:41.867: [INFO] CurrentProfilePath: C:\Users\AxeilAchia\Desktop\HEY hachi\Hey-hachi\.webview_profile\EBWebView\Default
2026-08-07 03:02:41.867: [INFO] Profiles total count: 1
2026-08-07 03:02:41.867: [INFO] Profile: name=Profile 1 path=C:\Users\AxeilAchia\Desktop\HEY hachi\Hey-hachi\.webview_profile\EBWebView\Default lastActive=2026-08-07T03:01:18.661Z
2026-08-07 03:02:41.867: [INFO] LastUsedProfileDir: C:\Users\AxeilAchia\Desktop\HEY hachi\Hey-hachi\.webview_profile\EBWebView\Default
2026-08-07 03:02:41.867: [INFO] MostRecentlyActiveProfile: name=Profile 1 path=C:\Users\AxeilAchia\Desktop\HEY hachi\Hey-hachi\.webview_profile\EBWebView\Default lastActive=2026-08-07T03:01:18.661Z
2026-08-07 03:02:41.867: [INFO] OnDoneLoading sync enabled: 0
2026-08-07 03:02:41.867: [INFO] BookmarkModelLoaded, ids_reassigned: 0
2026-08-07 03:02:41.867: [INFO] BookmarksLoadDropped droppedNodes=0
2026-08-07 03:02:41.867: [INFO] BookmarksSnapshot Startup total=0 bar=0 other=0 mobile=0 showBar=0 showBarNTP=1
2026-08-07 03:02:51.393: [INFO] BookmarksSnapshot Shutdown total=0 bar=0 other=0 mobile=0 showBar=0 showBarNTP=1
2026-08-07 03:13:34.299: [INFO] CurrentProfilePath: C:\Users\AxeilAchia\Desktop\HEY hachi\Hey-hachi\.webview_profile\EBWebView\Default
2026-08-07 03:13:34.299: [INFO] Profiles total count: 1
2026-08-07 03:13:34.301: [INFO] Profile: name=Profile 1 path=C:\Users\AxeilAchia\Desktop\HEY hachi\Hey-hachi\.webview_profile\EBWebView\Default lastActive=2026-08-07T03:02:47.422Z
2026-08-07 03:13:34.301: [INFO] LastUsedProfileDir: C:\Users\AxeilAchia\Desktop\HEY hachi\Hey-hachi\.webview_profile\EBWebView\Default
2026-08-07 03:13:34.301: [INFO] MostRecentlyActiveProfile: name=Profile 1 path=C:\Users\AxeilAchia\Desktop\HEY hachi\Hey-hachi\.webview_profile\EBWebView\Default lastActive=2026-08-07T03:02:47.422Z
2026-08-07 03:13:34.301: [INFO] OnDoneLoading sync enabled: 0
2026-08-07 03:13:34.301: [INFO] BookmarkModelLoaded, ids_reassigned: 0
2026-08-07 03:13:34.301: [INFO] BookmarksLoadDropped droppedNodes=0
2026-08-07 03:13:34.301: [INFO] BookmarksSnapshot Startup total=0 bar=0 other=0 mobile=0 showBar=0 showBarNTP=1
2026-08-07 03:19:34.976: [INFO] BookmarksSnapshot Shutdown total=0 bar=0 other=0 mobile=0 showBar=0 showBarNTP=1
2026-08-07 03:19:44.902: [INFO] CurrentProfilePath: C:\Users\AxeilAchia\Desktop\HEY hachi\Hey-hachi\.webview_profile\EBWebView\Default
2026-08-07 03:19:44.902: [INFO] Profiles total count: 1
2026-08-07 03:19:44.902: [INFO] Profile: name=Profile 1 path=C:\Users\AxeilAchia\Desktop\HEY hachi\Hey-hachi\.webview_profile\EBWebView\Default lastActive=2026-08-07T03:19:33.276Z
2026-08-07 03:19:44.902: [INFO] LastUsedProfileDir: C:\Users\AxeilAchia\Desktop\HEY hachi\Hey-hachi\.webview_profile\EBWebView\Default
2026-08-07 03:19:44.902: [INFO] MostRecentlyActiveProfile: name=Profile 1 path=C:\Users\AxeilAchia\Desktop\HEY hachi\Hey-hachi\.webview_profile\EBWebView\Default lastActive=2026-08-07T03:19:33.276Z
2026-08-07 03:19:44.902: [INFO] OnDoneLoading sync enabled: 0
2026-08-07 03:19:44.902: [INFO] BookmarkModelLoaded, ids_reassigned: 0
2026-08-07 03:19:44.902: [INFO] BookmarksLoadDropped droppedNodes=0
2026-08-07 03:19:44.902: [INFO] BookmarksSnapshot Startup total=0 bar=0 other=0 mobile=0 showBar=0 showBarNTP=1
2026-08-07 03:20:05.102: [INFO] BookmarksSnapshot Shutdown total=0 bar=0 other=0 mobile=0 showBar=0 showBarNTP=1
2026-08-07 03:22:16.047: [INFO] CurrentProfilePath: C:\Users\AxeilAchia\Desktop\HEY hachi\Hey-hachi\.webview_profile\EBWebView\Default
2026-08-07 03:22:16.048: [INFO] Profiles total count: 1
2026-08-07 03:22:16.048: [INFO] Profile: name=Profile 1 path=C:\Users\AxeilAchia\Desktop\HEY hachi\Hey-hachi\.webview_profile\EBWebView\Default lastActive=2026-08-07T03:20:02.517Z
2026-08-07 03:22:16.048: [INFO] LastUsedProfileDir: C:\Users\AxeilAchia\Desktop\HEY hachi\Hey-hachi\.webview_profile\EBWebView\Default
2026-08-07 03:22:16.048: [INFO] MostRecentlyActiveProfile: name=Profile 1 path=C:\Users\AxeilAchia\Desktop\HEY hachi\Hey-hachi\.webview_profile\EBWebView\Default lastActive=2026-08-07T03:20:02.517Z
2026-08-07 03:22:16.048: [INFO] OnDoneLoading sync enabled: 0
2026-08-07 03:22:16.048: [INFO] BookmarkModelLoaded, ids_reassigned: 0
2026-08-07 03:22:16.048: [INFO] BookmarksLoadDropped droppedNodes=0
2026-08-07 03:22:16.048: [INFO] BookmarksSnapshot Startup total=0 bar=0 other=0 mobile=0 showBar=0 showBarNTP=1
2026-08-07 03:23:50.882: [INFO] BookmarksSnapshot Shutdown total=0 bar=0 other=0 mobile=0 showBar=0 showBarNTP=1
2026-08-07 03:29:56.050: [INFO] CurrentProfilePath: C:\Users\AxeilAchia\Desktop\HEY hachi\Hey-hachi\.webview_profile\EBWebView\Default
2026-08-07 03:29:56.050: [INFO] Profiles total count: 1
2026-08-07 03:29:56.050: [INFO] Profile: name=Profile 1 path=C:\Users\AxeilAchia\Desktop\HEY hachi\Hey-hachi\.webview_profile\EBWebView\Default lastActive=2026-08-07T03:23:39.436Z
2026-08-07 03:29:56.050: [INFO] LastUsedProfileDir: C:\Users\AxeilAchia\Desktop\HEY hachi\Hey-hachi\.webview_profile\EBWebView\Default
2026-08-07 03:29:56.050: [INFO] MostRecentlyActiveProfile: name=Profile 1 path=C:\Users\AxeilAchia\Desktop\HEY hachi\Hey-hachi\.webview_profile\EBWebView\Default lastActive=2026-08-07T03:23:39.436Z
2026-08-07 03:29:56.050: [INFO] OnDoneLoading sync enabled: 0
2026-08-07 03:29:56.050: [INFO] BookmarkModelLoaded, ids_reassigned: 0
2026-08-07 03:29:56.050: [INFO] BookmarksLoadDropped droppedNodes=0
2026-08-07 03:29:56.050: [INFO] BookmarksSnapshot Startup total=0 bar=0 other=0 mobile=0 showBar=0 showBarNTP=1
2026-08-07 03:31:03.324: [INFO] BookmarksSnapshot Shutdown total=0 bar=0 other=0 mobile=0 showBar=0 showBarNTP=1
2026-08-07 03:32:14.891: [INFO] CurrentProfilePath: C:\Users\AxeilAchia\Desktop\HEY hachi\Hey-hachi\.webview_profile\EBWebView\Default
2026-08-07 03:32:14.891: [INFO] Profiles total count: 1
2026-08-07 03:32:14.891: [INFO] Profile: name=Profile 1 path=C:\Users\AxeilAchia\Desktop\HEY hachi\Hey-hachi\.webview_profile\EBWebView\Default lastActive=2026-08-07T03:30:51.366Z
2026-08-07 03:32:14.891: [INFO] LastUsedProfileDir: C:\Users\AxeilAchia\Desktop\HEY hachi\Hey-hachi\.webview_profile\EBWebView\Default
2026-08-07 03:32:14.891: [INFO] MostRecentlyActiveProfile: name=Profile 1 path=C:\Users\AxeilAchia\Desktop\HEY hachi\Hey-hachi\.webview_profile\EBWebView\Default lastActive=2026-08-07T03:30:51.366Z
2026-08-07 03:32:14.891: [INFO] OnDoneLoading sync enabled: 0
2026-08-07 03:32:14.891: [INFO] BookmarkModelLoaded, ids_reassigned: 0
2026-08-07 03:32:14.891: [INFO] BookmarksLoadDropped droppedNodes=0
2026-08-07 03:32:14.891: [INFO] BookmarksSnapshot Startup total=0 bar=0 other=0 mobile=0 showBar=0 showBarNTP=1
2026-08-07 03:32:53.744: [INFO] BookmarksSnapshot Shutdown total=0 bar=0 other=0 mobile=0 showBar=0 showBarNTP=1
2026-08-07 03:41:20.601: [INFO] CurrentProfilePath: C:\Users\AxeilAchia\Desktop\HEY hachi\Hey-hachi\.webview_profile\EBWebView\Default
2026-08-07 03:41:20.601: [INFO] Profiles total count: 1
2026-08-07 03:41:20.601: [INFO] Profile: name=Profile 1 path=C:\Users\AxeilAchia\Desktop\HEY hachi\Hey-hachi\.webview_profile\EBWebView\Default lastActive=2026-08-07T03:32:45.145Z
2026-08-07 03:41:20.601: [INFO] LastUsedProfileDir: C:\Users\AxeilAchia\Desktop\HEY hachi\Hey-hachi\.webview_profile\EBWebView\Default
2026-08-07 03:41:20.601: [INFO] MostRecentlyActiveProfile: name=Profile 1 path=C:\Users\AxeilAchia\Desktop\HEY hachi\Hey-hachi\.webview_profile\EBWebView\Default lastActive=2026-08-07T03:32:45.145Z
2026-08-07 03:41:20.601: [INFO] OnDoneLoading sync enabled: 0
2026-08-07 03:41:20.601: [INFO] BookmarkModelLoaded, ids_reassigned: 0
2026-08-07 03:41:20.601: [INFO] BookmarksLoadDropped droppedNodes=0
2026-08-07 03:41:20.601: [INFO] BookmarksSnapshot Startup total=0 bar=0 other=0 mobile=0 showBar=0 showBarNTP=1
2026-08-07 03:42:27.366: [INFO] BookmarksSnapshot Shutdown total=0 bar=0 other=0 mobile=0 showBar=0 showBarNTP=1
2026-08-07 03:50:04.721: [INFO] CurrentProfilePath: C:\Users\AxeilAchia\Desktop\HEY hachi\Hey-hachi\.webview_profile\EBWebView\Default
2026-08-07 03:50:04.721: [INFO] Profiles total count: 1
2026-08-07 03:50:04.722: [INFO] Profile: name=Profile 1 path=C:\Users\AxeilAchia\Desktop\HEY hachi\Hey-hachi\.webview_profile\EBWebView\Default lastActive=2026-08-07T03:41:20.696Z
2026-08-07 03:50:04.722: [INFO] LastUsedProfileDir: C:\Users\AxeilAchia\Desktop\HEY hachi\Hey-hachi\.webview_profile\EBWebView\Default
2026-08-07 03:50:04.722: [INFO] MostRecentlyActiveProfile: name=Profile 1 path=C:\Users\AxeilAchia\Desktop\HEY hachi\Hey-hachi\.webview_profile\EBWebView\Default lastActive=2026-08-07T03:41:20.696Z
2026-08-07 03:50:04.722: [INFO] OnDoneLoading sync enabled: 0
2026-08-07 03:50:04.722: [INFO] BookmarkModelLoaded, ids_reassigned: 0
2026-08-07 03:50:04.722: [INFO] BookmarksLoadDropped droppedNodes=0
2026-08-07 03:50:04.722: [INFO] BookmarksSnapshot Startup total=0 bar=0 other=0 mobile=0 showBar=0 showBarNTP=1
2026-08-07 03:51:28.180: [INFO] BookmarksSnapshot Shutdown total=0 bar=0 other=0 mobile=0 showBar=0 showBarNTP=1
2026-08-07 03:55:45.515: [INFO] CurrentProfilePath: C:\Users\AxeilAchia\Desktop\HEY hachi\Hey-hachi\.webview_profile\EBWebView\Default
2026-08-07 03:55:45.515: [INFO] Profiles total count: 1
2026-08-07 03:55:45.515: [INFO] Profile: name=Profile 1 path=C:\Users\AxeilAchia\Desktop\HEY hachi\Hey-hachi\.webview_profile\EBWebView\Default lastActive=2026-08-07T03:50:04.834Z
2026-08-07 03:55:45.515: [INFO] LastUsedProfileDir: C:\Users\AxeilAchia\Desktop\HEY hachi\Hey-hachi\.webview_profile\EBWebView\Default
2026-08-07 03:55:45.515: [INFO] MostRecentlyActiveProfile: name=Profile 1 path=C:\Users\AxeilAchia\Desktop\HEY hachi\Hey-hachi\.webview_profile\EBWebView\Default lastActive=2026-08-07T03:50:04.834Z
2026-08-07 03:55:45.515: [INFO] OnDoneLoading sync enabled: 0
2026-08-07 03:55:45.515: [INFO] BookmarkModelLoaded, ids_reassigned: 0
2026-08-07 03:55:45.515: [INFO] BookmarksLoadDropped droppedNodes=0
2026-08-07 03:55:45.515: [INFO] BookmarksSnapshot Startup total=0 bar=0 other=0 mobile=0 showBar=0 showBarNTP=1
2026-08-07 03:56:28.723: [INFO] CurrentProfilePath: C:\Users\AxeilAchia\Desktop\HEY hachi\Hey-hachi\.webview_profile\EBWebView\Default
2026-08-07 03:56:28.723: [INFO] Profiles total count: 1
2026-08-07 03:56:28.724: [INFO] Profile: name=Profile 1 path=C:\Users\AxeilAchia\Desktop\HEY hachi\Hey-hachi\.webview_profile\EBWebView\Default lastActive=2026-08-07T03:55:50.124Z
2026-08-07 03:56:28.724: [INFO] LastUsedProfileDir: C:\Users\AxeilAchia\Desktop\HEY hachi\Hey-hachi\.webview_profile\EBWebView\Default
2026-08-07 03:56:28.724: [INFO] MostRecentlyActiveProfile: name=Profile 1 path=C:\Users\AxeilAchia\Desktop\HEY hachi\Hey-hachi\.webview_profile\EBWebView\Default lastActive=2026-08-07T03:55:50.124Z
2026-08-07 03:56:28.724: [INFO] OnDoneLoading sync enabled: 0
2026-08-07 03:56:28.724: [INFO] BookmarkModelLoaded, ids_reassigned: 0
2026-08-07 03:56:28.724: [INFO] BookmarksLoadDropped droppedNodes=0
2026-08-07 03:56:28.724: [INFO] BookmarksSnapshot Startup total=0 bar=0 other=0 mobile=0 showBar=0 showBarNTP=1
2026-08-07 03:57:36.995: [INFO] BookmarksSnapshot Shutdown total=0 bar=0 other=0 mobile=0 showBar=0 showBarNTP=1
2026-08-07 07:52:28.839: [INFO] CurrentProfilePath: C:\Users\AxeilAchia\Desktop\HEY hachi\Hey-hachi\.webview_profile\EBWebView\Default
2026-08-07 07:52:28.839: [INFO] Profiles total count: 1
2026-08-07 07:52:28.839: [INFO] Profile: name=Profile 1 path=C:\Users\AxeilAchia\Desktop\HEY hachi\Hey-hachi\.webview_profile\EBWebView\Default lastActive=2026-08-07T03:57:34.624Z
2026-08-07 07:52:28.839: [INFO] LastUsedProfileDir: C:\Users\AxeilAchia\Desktop\HEY hachi\Hey-hachi\.webview_profile\EBWebView\Default
2026-08-07 07:52:28.839: [INFO] MostRecentlyActiveProfile: name=Profile 1 path=C:\Users\AxeilAchia\Desktop\HEY hachi\Hey-hachi\.webview_profile\EBWebView\Default lastActive=2026-08-07T03:57:34.624Z
2026-08-07 07:52:28.839: [INFO] OnDoneLoading sync enabled: 0
2026-08-07 07:52:28.839: [INFO] BookmarkModelLoaded, ids_reassigned: 0
2026-08-07 07:52:28.839: [INFO] BookmarksLoadDropped droppedNodes=0
2026-08-07 07:52:28.839: [INFO] BookmarksSnapshot Startup total=0 bar=0 other=0 mobile=0 showBar=0 showBarNTP=1
2026-08-07 07:53:30.376: [INFO] BookmarksSnapshot Shutdown total=0 bar=0 other=0 mobile=0 showBar=0 showBarNTP=1
2026-08-07 07:53:49.592: [INFO] CurrentProfilePath: C:\Users\AxeilAchia\Desktop\HEY hachi\Hey-hachi\.webview_profile\EBWebView\Default
2026-08-07 07:53:49.592: [INFO] Profiles total count: 1
2026-08-07 07:53:49.593: [INFO] Profile: name=Profile 1 path=C:\Users\AxeilAchia\Desktop\HEY hachi\Hey-hachi\.webview_profile\EBWebView\Default lastActive=2026-08-07T07:53:28.836Z
2026-08-07 07:53:49.593: [INFO] LastUsedProfileDir: C:\Users\AxeilAchia\Desktop\HEY hachi\Hey-hachi\.webview_profile\EBWebView\Default
2026-08-07 07:53:49.593: [INFO] MostRecentlyActiveProfile: name=Profile 1 path=C:\Users\AxeilAchia\Desktop\HEY hachi\Hey-hachi\.webview_profile\EBWebView\Default lastActive=2026-08-07T07:53:28.836Z
2026-08-07 07:53:49.593: [INFO] OnDoneLoading sync enabled: 0
2026-08-07 07:53:49.593: [INFO] BookmarkModelLoaded, ids_reassigned: 0
2026-08-07 07:53:49.593: [INFO] BookmarksLoadDropped droppedNodes=0
2026-08-07 07:53:49.593: [INFO] BookmarksSnapshot Startup total=0 bar=0 other=0 mobile=0 showBar=0 showBarNTP=1
2026-08-07 07:55:37.561: [INFO] BookmarksSnapshot Shutdown total=0 bar=0 other=0 mobile=0 showBar=0 showBarNTP=1
2026-08-07 08:11:07.470: [INFO] CurrentProfilePath: C:\Users\AxeilAchia\Desktop\HEY hachi\Hey-hachi\.webview_profile\EBWebView\Default
2026-08-07 08:11:07.470: [INFO] Profiles total count: 1
2026-08-07 08:11:07.470: [INFO] Profile: name=Profile 1 path=C:\Users\AxeilAchia\Desktop\HEY hachi\Hey-hachi\.webview_profile\EBWebView\Default lastActive=2026-08-07T07:55:35.214Z
2026-08-07 08:11:07.470: [INFO] LastUsedProfileDir: C:\Users\AxeilAchia\Desktop\HEY hachi\Hey-hachi\.webview_profile\EBWebView\Default
2026-08-07 08:11:07.470: [INFO] MostRecentlyActiveProfile: name=Profile 1 path=C:\Users\AxeilAchia\Desktop\HEY hachi\Hey-hachi\.webview_profile\EBWebView\Default lastActive=2026-08-07T07:55:35.214Z
2026-08-07 08:11:07.470: [INFO] OnDoneLoading sync enabled: 0
2026-08-07 08:11:07.470: [INFO] BookmarkModelLoaded, ids_reassigned: 0
2026-08-07 08:11:07.470: [INFO] BookmarksLoadDropped droppedNodes=0
2026-08-07 08:11:07.470: [INFO] BookmarksSnapshot Startup total=0 bar=0 other=0 mobile=0 showBar=0 showBarNTP=1
2026-08-07 08:12:59.446: [INFO] BookmarksSnapshot Shutdown total=0 bar=0 other=0 mobile=0 showBar=0 showBarNTP=1
2026-08-07 08:15:54.335: [INFO] CurrentProfilePath: C:\Users\AxeilAchia\Desktop\HEY hachi\Hey-hachi\.webview_profile\EBWebView\Default
2026-08-07 08:15:54.335: [INFO] Profiles total count: 1
2026-08-07 08:15:54.335: [INFO] Profile: name=Profile 1 path=C:\Users\AxeilAchia\Desktop\HEY hachi\Hey-hachi\.webview_profile\EBWebView\Default lastActive=2026-08-07T08:12:58.450Z
2026-08-07 08:15:54.335: [INFO] LastUsedProfileDir: C:\Users\AxeilAchia\Desktop\HEY hachi\Hey-hachi\.webview_profile\EBWebView\Default
2026-08-07 08:15:54.335: [INFO] MostRecentlyActiveProfile: name=Profile 1 path=C:\Users\AxeilAchia\Desktop\HEY hachi\Hey-hachi\.webview_profile\EBWebView\Default lastActive=2026-08-07T08:12:58.450Z
2026-08-07 08:15:54.335: [INFO] OnDoneLoading sync enabled: 0
2026-08-07 08:15:54.335: [INFO] BookmarkModelLoaded, ids_reassigned: 0
2026-08-07 08:15:54.335: [INFO] BookmarksLoadDropped droppedNodes=0
2026-08-07 08:15:54.335: [INFO] BookmarksSnapshot Startup total=0 bar=0 other=0 mobile=0 showBar=0 showBarNTP=1
2026-08-07 08:24:06.222: [INFO] BookmarksSnapshot Shutdown total=0 bar=0 other=0 mobile=0 showBar=0 showBarNTP=1
2026-08-07 09:28:42.036: [INFO] CurrentProfilePath: C:\Users\AxeilAchia\Desktop\HEY hachi\Hey-hachi\.webview_profile\EBWebView\Default
2026-08-07 09:28:42.036: [INFO] Profiles total count: 1
2026-08-07 09:28:42.037: [INFO] Profile: name=Profile 1 path=C:\Users\AxeilAchia\Desktop\HEY hachi\Hey-hachi\.webview_profile\EBWebView\Default lastActive=2026-08-07T08:24:05.156Z
2026-08-07 09:28:42.037: [INFO] LastUsedProfileDir: C:\Users\AxeilAchia\Desktop\HEY hachi\Hey-hachi\.webview_profile\EBWebView\Default
2026-08-07 09:28:42.037: [INFO] MostRecentlyActiveProfile: name=Profile 1 path=C:\Users\AxeilAchia\Desktop\HEY hachi\Hey-hachi\.webview_profile\EBWebView\Default lastActive=2026-08-07T08:24:05.156Z
2026-08-07 09:28:42.037: [INFO] OnDoneLoading sync enabled: 0
2026-08-07 09:28:42.037: [INFO] BookmarkModelLoaded, ids_reassigned: 0
2026-08-07 09:28:42.037: [INFO] BookmarksLoadDropped droppedNodes=0
2026-08-07 09:28:42.037: [INFO] BookmarksSnapshot Startup total=0 bar=0 other=0 mobile=0 showBar=0 showBarNTP=1
2026-08-07 09:39:47.248: [INFO] CurrentProfilePath: C:\Users\AxeilAchia\Desktop\HEY hachi\Hey-hachi\.webview_profile\EBWebView\Default
2026-08-07 09:39:47.248: [INFO] Profiles total count: 1
2026-08-07 09:39:47.248: [INFO] Profile: name=Profile 1 path=C:\Users\AxeilAchia\Desktop\HEY hachi\Hey-hachi\.webview_profile\EBWebView\Default lastActive=2026-08-07T09:36:15.804Z
2026-08-07 09:39:47.248: [INFO] LastUsedProfileDir: C:\Users\AxeilAchia\Desktop\HEY hachi\Hey-hachi\.webview_profile\EBWebView\Default
2026-08-07 09:39:47.248: [INFO] MostRecentlyActiveProfile: name=Profile 1 path=C:\Users\AxeilAchia\Desktop\HEY hachi\Hey-hachi\.webview_profile\EBWebView\Default lastActive=2026-08-07T09:36:15.804Z
2026-08-07 09:39:47.248: [INFO] OnDoneLoading sync enabled: 0
2026-08-07 09:39:47.248: [INFO] BookmarkModelLoaded, ids_reassigned: 0
2026-08-07 09:39:47.248: [INFO] BookmarksLoadDropped droppedNodes=0
2026-08-07 09:39:47.249: [INFO] BookmarksSnapshot Startup total=0 bar=0 other=0 mobile=0 showBar=0 showBarNTP=1
2026-08-07 09:46:42.729: [INFO] BookmarksSnapshot Shutdown total=0 bar=0 other=0 mobile=0 showBar=0 showBarNTP=1
2026-08-07 11:39:04.004: [INFO] CurrentProfilePath: C:\Users\AxeilAchia\Desktop\HEY hachi\Hey-hachi\.webview_profile\EBWebView\Default
2026-08-07 11:39:04.004: [INFO] Profiles total count: 1
2026-08-07 11:39:04.005: [INFO] Profile: name=Profile 1 path=C:\Users\AxeilAchia\Desktop\HEY hachi\Hey-hachi\.webview_profile\EBWebView\Default lastActive=2026-08-07T09:46:41.935Z
2026-08-07 11:39:04.005: [INFO] LastUsedProfileDir: C:\Users\AxeilAchia\Desktop\HEY hachi\Hey-hachi\.webview_profile\EBWebView\Default
2026-08-07 11:39:04.005: [INFO] MostRecentlyActiveProfile: name=Profile 1 path=C:\Users\AxeilAchia\Desktop\HEY hachi\Hey-hachi\.webview_profile\EBWebView\Default lastActive=2026-08-07T09:46:41.935Z
2026-08-07 11:39:04.005: [INFO] OnDoneLoading sync enabled: 0
2026-08-07 11:39:04.005: [INFO] BookmarkModelLoaded, ids_reassigned: 0
2026-08-07 11:39:04.005: [INFO] BookmarksLoadDropped droppedNodes=0
2026-08-07 11:39:04.005: [INFO] BookmarksSnapshot Startup total=0 bar=0 other=0 mobile=0 showBar=0 showBarNTP=1
2026-08-07 11:45:32.759: [INFO] CurrentProfilePath: C:\Users\AxeilAchia\Desktop\HEY hachi\Hey-hachi\.webview_profile\EBWebView\Default
2026-08-07 11:45:32.759: [INFO] Profiles total count: 1
2026-08-07 11:45:32.763: [INFO] Profile: name=Profile 1 path=C:\Users\AxeilAchia\Desktop\HEY hachi\Hey-hachi\.webview_profile\EBWebView\Default lastActive=2026-08-07T11:43:12.068Z
2026-08-07 11:45:32.763: [INFO] LastUsedProfileDir: C:\Users\AxeilAchia\Desktop\HEY hachi\Hey-hachi\.webview_profile\EBWebView\Default
2026-08-07 11:45:32.763: [INFO] MostRecentlyActiveProfile: name=Profile 1 path=C:\Users\AxeilAchia\Desktop\HEY hachi\Hey-hachi\.webview_profile\EBWebView\Default lastActive=2026-08-07T11:43:12.068Z
2026-08-07 11:45:32.763: [INFO] OnDoneLoading sync enabled: 0
2026-08-07 11:45:32.763: [INFO] BookmarkModelLoaded, ids_reassigned: 0
2026-08-07 11:45:32.763: [INFO] BookmarksLoadDropped droppedNodes=0
2026-08-07 11:45:32.763: [INFO] BookmarksSnapshot Startup total=0 bar=0 other=0 mobile=0 showBar=0 showBarNTP=1
2026-08-07 11:49:04.013: [INFO] BookmarksSnapshot Shutdown total=0 bar=0 other=0 mobile=0 showBar=0 showBarNTP=1
2026-08-08 01:37:15.779: [INFO] CurrentProfilePath: C:\Users\AxeilAchia\Desktop\HEY hachi\Hey-hachi\.webview_profile\EBWebView\Default
2026-08-08 01:37:15.779: [INFO] Profiles total count: 1
2026-08-08 01:37:15.780: [INFO] Profile: name=Profile 1 path=C:\Users\AxeilAchia\Desktop\HEY hachi\Hey-hachi\.webview_profile\EBWebView\Default lastActive=2026-08-07T11:49:02.437Z
2026-08-08 01:37:15.780: [INFO] LastUsedProfileDir: C:\Users\AxeilAchia\Desktop\HEY hachi\Hey-hachi\.webview_profile\EBWebView\Default
2026-08-08 01:37:15.780: [INFO] MostRecentlyActiveProfile: name=Profile 1 path=C:\Users\AxeilAchia\Desktop\HEY hachi\Hey-hachi\.webview_profile\EBWebView\Default lastActive=2026-08-07T11:49:02.437Z
2026-08-08 01:37:15.780: [INFO] OnDoneLoading sync enabled: 0
2026-08-08 01:37:15.780: [INFO] BookmarkModelLoaded, ids_reassigned: 0
2026-08-08 01:37:15.780: [INFO] BookmarksLoadDropped droppedNodes=0
2026-08-08 01:37:15.780: [INFO] BookmarksSnapshot Startup total=0 bar=0 other=0 mobile=0 showBar=0 showBarNTP=1
2026-08-08 01:45:40.312: [INFO] BookmarksSnapshot Shutdown total=0 bar=0 other=0 mobile=0 showBar=0 showBarNTP=1
2026-08-08 01:46:04.873: [INFO] CurrentProfilePath: C:\Users\AxeilAchia\Desktop\HEY hachi\Hey-hachi\.webview_profile\EBWebView\Default
2026-08-08 01:46:04.873: [INFO] Profiles total count: 1
2026-08-08 01:46:04.873: [INFO] Profile: name=Profile 1 path=C:\Users\AxeilAchia\Desktop\HEY hachi\Hey-hachi\.webview_profile\EBWebView\Default lastActive=2026-08-08T01:45:40.155Z
2026-08-08 01:46:04.873: [INFO] LastUsedProfileDir: C:\Users\AxeilAchia\Desktop\HEY hachi\Hey-hachi\.webview_profile\EBWebView\Default
2026-08-08 01:46:04.873: [INFO] MostRecentlyActiveProfile: name=Profile 1 path=C:\Users\AxeilAchia\Desktop\HEY hachi\Hey-hachi\.webview_profile\EBWebView\Default lastActive=2026-08-08T01:45:40.155Z
2026-08-08 01:46:04.873: [INFO] OnDoneLoading sync enabled: 0
2026-08-08 01:46:04.873: [INFO] BookmarkModelLoaded, ids_reassigned: 0
2026-08-08 01:46:04.873: [INFO] BookmarksLoadDropped droppedNodes=0
2026-08-08 01:46:04.873: [INFO] BookmarksSnapshot Startup total=0 bar=0 other=0 mobile=0 showBar=0 showBarNTP=1
2026-08-08 01:54:30.122: [INFO] BookmarksSnapshot Shutdown total=0 bar=0 other=0 mobile=0 showBar=0 showBarNTP=1
2026-08-08 02:03:27.476: [INFO] CurrentProfilePath: C:\Users\AxeilAchia\Desktop\HEY hachi\Hey-hachi\.webview_profile\EBWebView\Default
2026-08-08 02:03:27.476: [INFO] Profiles total count: 1
2026-08-08 02:03:27.476: [INFO] Profile: name=Profile 1 path=C:\Users\AxeilAchia\Desktop\HEY hachi\Hey-hachi\.webview_profile\EBWebView\Default lastActive=2026-08-08T01:54:28.062Z
2026-08-08 02:03:27.476: [INFO] LastUsedProfileDir: C:\Users\AxeilAchia\Desktop\HEY hachi\Hey-hachi\.webview_profile\EBWebView\Default
2026-08-08 02:03:27.476: [INFO] MostRecentlyActiveProfile: name=Profile 1 path=C:\Users\AxeilAchia\Desktop\HEY hachi\Hey-hachi\.webview_profile\EBWebView\Default lastActive=2026-08-08T01:54:28.062Z
2026-08-08 02:03:27.476: [INFO] OnDoneLoading sync enabled: 0
2026-08-08 02:03:27.476: [INFO] BookmarkModelLoaded, ids_reassigned: 0
2026-08-08 02:03:27.476: [INFO] BookmarksLoadDropped droppedNodes=0
2026-08-08 02:03:27.476: [INFO] BookmarksSnapshot Startup total=0 bar=0 other=0 mobile=0 showBar=0 showBarNTP=1
2026-08-08 02:05:17.847: [INFO] BookmarksSnapshot Shutdown total=0 bar=0 other=0 mobile=0 showBar=0 showBarNTP=1
2026-08-08 02:11:42.612: [INFO] CurrentProfilePath: C:\Users\AxeilAchia\Desktop\HEY hachi\Hey-hachi\.webview_profile\EBWebView\Default
2026-08-08 02:11:42.612: [INFO] Profiles total count: 1
2026-08-08 02:11:42.612: [INFO] Profile: name=Profile 1 path=C:\Users\AxeilAchia\Desktop\HEY hachi\Hey-hachi\.webview_profile\EBWebView\Default lastActive=2026-08-08T02:05:17.064Z
2026-08-08 02:11:42.612: [INFO] LastUsedProfileDir: C:\Users\AxeilAchia\Desktop\HEY hachi\Hey-hachi\.webview_profile\EBWebView\Default
2026-08-08 02:11:42.612: [INFO] MostRecentlyActiveProfile: name=Profile 1 path=C:\Users\AxeilAchia\Desktop\HEY hachi\Hey-hachi\.webview_profile\EBWebView\Default lastActive=2026-08-08T02:05:17.064Z
2026-08-08 02:11:42.612: [INFO] OnDoneLoading sync enabled: 0
2026-08-08 02:11:42.612: [INFO] BookmarkModelLoaded, ids_reassigned: 0
2026-08-08 02:11:42.612: [INFO] BookmarksLoadDropped droppedNodes=0
2026-08-08 02:11:42.612: [INFO] BookmarksSnapshot Startup total=0 bar=0 other=0 mobile=0 showBar=0 showBarNTP=1
2026-08-08 02:13:03.470: [INFO] BookmarksSnapshot Shutdown total=0 bar=0 other=0 mobile=0 showBar=0 showBarNTP=1
2026-08-08 02:27:19.614: [INFO] CurrentProfilePath: C:\Users\AxeilAchia\Desktop\HEY hachi\Hey-hachi\.webview_profile\EBWebView\Default
2026-08-08 02:27:19.614: [INFO] Profiles total count: 1
2026-08-08 02:27:19.614: [INFO] Profile: name=Profile 1 path=C:\Users\AxeilAchia\Desktop\HEY hachi\Hey-hachi\.webview_profile\EBWebView\Default lastActive=2026-08-08T02:11:42.698Z
2026-08-08 02:27:19.614: [INFO] LastUsedProfileDir: C:\Users\AxeilAchia\Desktop\HEY hachi\Hey-hachi\.webview_profile\EBWebView\Default
2026-08-08 02:27:19.614: [INFO] MostRecentlyActiveProfile: name=Profile 1 path=C:\Users\AxeilAchia\Desktop\HEY hachi\Hey-hachi\.webview_profile\EBWebView\Default lastActive=2026-08-08T02:11:42.698Z
2026-08-08 02:27:19.614: [INFO] OnDoneLoading sync enabled: 0
2026-08-08 02:27:19.614: [INFO] BookmarkModelLoaded, ids_reassigned: 0
2026-08-08 02:27:19.614: [INFO] BookmarksLoadDropped droppedNodes=0
2026-08-08 02:27:19.614: [INFO] BookmarksSnapshot Startup total=0 bar=0 other=0 mobile=0 showBar=0 showBarNTP=1
2026-08-08 02:28:12.671: [INFO] BookmarksSnapshot Shutdown total=0 bar=0 other=0 mobile=0 showBar=0 showBarNTP=1
2026-08-08 03:12:46.789: [INFO] CurrentProfilePath: C:\Users\AxeilAchia\Desktop\HEY hachi\Hey-hachi\.webview_profile\EBWebView\Default
2026-08-08 03:12:46.789: [INFO] Profiles total count: 1
2026-08-08 03:12:46.789: [INFO] Profile: name=Profile 1 path=C:\Users\AxeilAchia\Desktop\HEY hachi\Hey-hachi\.webview_profile\EBWebView\Default lastActive=2026-08-08T02:28:06.102Z
2026-08-08 03:12:46.789: [INFO] LastUsedProfileDir: C:\Users\AxeilAchia\Desktop\HEY hachi\Hey-hachi\.webview_profile\EBWebView\Default
2026-08-08 03:12:46.789: [INFO] MostRecentlyActiveProfile: name=Profile 1 path=C:\Users\AxeilAchia\Desktop\HEY hachi\Hey-hachi\.webview_profile\EBWebView\Default lastActive=2026-08-08T02:28:06.102Z
2026-08-08 03:12:46.789: [INFO] OnDoneLoading sync enabled: 0
2026-08-08 03:12:46.789: [INFO] BookmarkModelLoaded, ids_reassigned: 0
2026-08-08 03:12:46.789: [INFO] BookmarksLoadDropped droppedNodes=0
2026-08-08 03:12:46.789: [INFO] BookmarksSnapshot Startup total=0 bar=0 other=0 mobile=0 showBar=0 showBarNTP=1
2026-08-08 03:13:28.787: [INFO] BookmarksSnapshot Shutdown total=0 bar=0 other=0 mobile=0 showBar=0 showBarNTP=1
2026-08-08 10:56:38.265: [INFO] CurrentProfilePath: C:\Users\AxeilAchia\Desktop\HEY hachi\Hey-hachi\.webview_profile\EBWebView\Default
2026-08-08 10:56:38.265: [INFO] Profiles total count: 1
2026-08-08 10:56:38.265: [INFO] Profile: name=Profile 1 path=C:\Users\AxeilAchia\Desktop\HEY hachi\Hey-hachi\.webview_profile\EBWebView\Default lastActive=2026-08-08T03:12:46.892Z
2026-08-08 10:56:38.265: [INFO] LastUsedProfileDir: C:\Users\AxeilAchia\Desktop\HEY hachi\Hey-hachi\.webview_profile\EBWebView\Default
2026-08-08 10:56:38.266: [INFO] MostRecentlyActiveProfile: name=Profile 1 path=C:\Users\AxeilAchia\Desktop\HEY hachi\Hey-hachi\.webview_profile\EBWebView\Default lastActive=2026-08-08T03:12:46.892Z
2026-08-08 10:56:38.266: [INFO] OnDoneLoading sync enabled: 0
2026-08-08 10:56:38.266: [INFO] BookmarkModelLoaded, ids_reassigned: 0
2026-08-08 10:56:38.266: [INFO] BookmarksLoadDropped droppedNodes=0
2026-08-08 10:56:38.266: [INFO] BookmarksSnapshot Startup total=0 bar=0 other=0 mobile=0 showBar=0 showBarNTP=1
2026-08-08 10:57:36.823: [INFO] BookmarksSnapshot Shutdown total=0 bar=0 other=0 mobile=0 showBar=0 showBarNTP=1
2026-08-08 11:05:01.513: [INFO] CurrentProfilePath: C:\Users\AxeilAchia\Desktop\HEY hachi\Hey-hachi\.webview_profile\EBWebView\Default
2026-08-08 11:05:01.513: [INFO] Profiles total count: 1
2026-08-08 11:05:01.513: [INFO] Profile: name=Profile 1 path=C:\Users\AxeilAchia\Desktop\HEY hachi\Hey-hachi\.webview_profile\EBWebView\Default lastActive=2026-08-08T10:56:38.359Z
2026-08-08 11:05:01.513: [INFO] LastUsedProfileDir: C:\Users\AxeilAchia\Desktop\HEY hachi\Hey-hachi\.webview_profile\EBWebView\Default
2026-08-08 11:05:01.513: [INFO] MostRecentlyActiveProfile: name=Profile 1 path=C:\Users\AxeilAchia\Desktop\HEY hachi\Hey-hachi\.webview_profile\EBWebView\Default lastActive=2026-08-08T10:56:38.359Z
2026-08-08 11:05:01.513: [INFO] OnDoneLoading sync enabled: 0
2026-08-08 11:05:01.513: [INFO] BookmarkModelLoaded, ids_reassigned: 0
2026-08-08 11:05:01.513: [INFO] BookmarksLoadDropped droppedNodes=0
2026-08-08 11:05:01.513: [INFO] BookmarksSnapshot Startup total=0 bar=0 other=0 mobile=0 showBar=0 showBarNTP=1
2026-08-08 11:07:54.243: [INFO] BookmarksSnapshot Shutdown total=0 bar=0 other=0 mobile=0 showBar=0 showBarNTP=1
2026-08-08 11:08:11.546: [INFO] CurrentProfilePath: C:\Users\AxeilAchia\Desktop\HEY hachi\Hey-hachi\.webview_profile\EBWebView\Default
2026-08-08 11:08:11.546: [INFO] Profiles total count: 1
2026-08-08 11:08:11.547: [INFO] Profile: name=Profile 1 path=C:\Users\AxeilAchia\Desktop\HEY hachi\Hey-hachi\.webview_profile\EBWebView\Default lastActive=2026-08-08T11:07:52.945Z
2026-08-08 11:08:11.547: [INFO] LastUsedProfileDir: C:\Users\AxeilAchia\Desktop\HEY hachi\Hey-hachi\.webview_profile\EBWebView\Default
2026-08-08 11:08:11.547: [INFO] MostRecentlyActiveProfile: name=Profile 1 path=C:\Users\AxeilAchia\Desktop\HEY hachi\Hey-hachi\.webview_profile\EBWebView\Default lastActive=2026-08-08T11:07:52.945Z
2026-08-08 11:08:11.547: [INFO] OnDoneLoading sync enabled: 0
2026-08-08 11:08:11.547: [INFO] BookmarkModelLoaded, ids_reassigned: 0
2026-08-08 11:08:11.547: [INFO] BookmarksLoadDropped droppedNodes=0
2026-08-08 11:08:11.547: [INFO] BookmarksSnapshot Startup total=0 bar=0 other=0 mobile=0 showBar=0 showBarNTP=1
2026-08-08 11:10:48.829: [INFO] BookmarksSnapshot Shutdown total=0 bar=0 other=0 mobile=0 showBar=0 showBarNTP=1
2026-08-08 11:17:08.774: [INFO] CurrentProfilePath: C:\Users\AxeilAchia\Desktop\HEY hachi\Hey-hachi\.webview_profile\EBWebView\Default
2026-08-08 11:17:08.774: [INFO] Profiles total count: 1
2026-08-08 11:17:08.774: [INFO] Profile: name=Profile 1 path=C:\Users\AxeilAchia\Desktop\HEY hachi\Hey-hachi\.webview_profile\EBWebView\Default lastActive=2026-08-08T11:10:47.973Z
2026-08-08 11:17:08.774: [INFO] LastUsedProfileDir: C:\Users\AxeilAchia\Desktop\HEY hachi\Hey-hachi\.webview_profile\EBWebView\Default
2026-08-08 11:17:08.774: [INFO] MostRecentlyActiveProfile: name=Profile 1 path=C:\Users\AxeilAchia\Desktop\HEY hachi\Hey-hachi\.webview_profile\EBWebView\Default lastActive=2026-08-08T11:10:47.973Z
2026-08-08 11:17:08.774: [INFO] OnDoneLoading sync enabled: 0
2026-08-08 11:17:08.774: [INFO] BookmarkModelLoaded, ids_reassigned: 0
2026-08-08 11:17:08.774: [INFO] BookmarksLoadDropped droppedNodes=0
2026-08-08 11:17:08.774: [INFO] BookmarksSnapshot Startup total=0 bar=0 other=0 mobile=0 showBar=0 showBarNTP=1
2026-08-08 11:20:13.101: [INFO] BookmarksSnapshot Shutdown total=0 bar=0 other=0 mobile=0 showBar=0 showBarNTP=1
2026-08-10 02:15:35.887: [INFO] CurrentProfilePath: C:\Users\AxeilAchia\Desktop\HEY hachi\Hey-hachi\.webview_profile\EBWebView\Default
2026-08-10 02:15:35.887: [INFO] Profiles total count: 1
2026-08-10 02:15:35.888: [INFO] Profile: name=Profile 1 path=C:\Users\AxeilAchia\Desktop\HEY hachi\Hey-hachi\.webview_profile\EBWebView\Default lastActive=2026-08-08T11:17:34.410Z
2026-08-10 02:15:35.888: [INFO] LastUsedProfileDir: C:\Users\AxeilAchia\Desktop\HEY hachi\Hey-hachi\.webview_profile\EBWebView\Default
2026-08-10 02:15:35.888: [INFO] MostRecentlyActiveProfile: name=Profile 1 path=C:\Users\AxeilAchia\Desktop\HEY hachi\Hey-hachi\.webview_profile\EBWebView\Default lastActive=2026-08-08T11:17:34.410Z
2026-08-10 02:15:35.888: [INFO] OnDoneLoading sync enabled: 0
2026-08-10 02:15:35.888: [INFO] BookmarkModelLoaded, ids_reassigned: 0
2026-08-10 02:15:35.888: [INFO] BookmarksLoadDropped droppedNodes=0
2026-08-10 02:15:35.888: [INFO] BookmarksSnapshot Startup total=0 bar=0 other=0 mobile=0 showBar=0 showBarNTP=1
2026-08-10 02:20:02.198: [INFO] BookmarksSnapshot Shutdown total=0 bar=0 other=0 mobile=0 showBar=0 showBarNTP=1
2026-08-10 03:17:53.555: [INFO] CurrentProfilePath: C:\Users\AxeilAchia\Desktop\HEY hachi\Hey-hachi\.webview_profile\EBWebView\Default
2026-08-10 03:17:53.555: [INFO] Profiles total count: 1
2026-08-10 03:17:53.555: [INFO] Profile: name=Profile 1 path=C:\Users\AxeilAchia\Desktop\HEY hachi\Hey-hachi\.webview_profile\EBWebView\Default lastActive=2026-08-10T02:20:01.280Z
2026-08-10 03:17:53.555: [INFO] LastUsedProfileDir: C:\Users\AxeilAchia\Desktop\HEY hachi\Hey-hachi\.webview_profile\EBWebView\Default
2026-08-10 03:17:53.556: [INFO] MostRecentlyActiveProfile: name=Profile 1 path=C:\Users\AxeilAchia\Desktop\HEY hachi\Hey-hachi\.webview_profile\EBWebView\Default lastActive=2026-08-10T02:20:01.280Z
2026-08-10 03:17:53.556: [INFO] OnDoneLoading sync enabled: 0
2026-08-10 03:17:53.556: [INFO] BookmarkModelLoaded, ids_reassigned: 0
2026-08-10 03:17:53.556: [INFO] BookmarksLoadDropped droppedNodes=0
2026-08-10 03:17:53.556: [INFO] BookmarksSnapshot Startup total=0 bar=0 other=0 mobile=0 showBar=0 showBarNTP=1
2026-08-10 03:42:18.467: [INFO] BookmarksSnapshot Shutdown total=0 bar=0 other=0 mobile=0 showBar=0 showBarNTP=1
2026-08-10 03:44:49.282: [INFO] CurrentProfilePath: C:\Users\AxeilAchia\Desktop\HEY hachi\Hey-hachi\.webview_profile\EBWebView\Default
2026-08-10 03:44:49.282: [INFO] Profiles total count: 1
2026-08-10 03:44:49.283: [INFO] Profile: name=Profile 1 path=C:\Users\AxeilAchia\Desktop\HEY hachi\Hey-hachi\.webview_profile\EBWebView\Default lastActive=2026-08-10T03:42:17.301Z
2026-08-10 03:44:49.283: [INFO] LastUsedProfileDir: C:\Users\AxeilAchia\Desktop\HEY hachi\Hey-hachi\.webview_profile\EBWebView\Default
2026-08-10 03:44:49.283: [INFO] MostRecentlyActiveProfile: name=Profile 1 path=C:\Users\AxeilAchia\Desktop\HEY hachi\Hey-hachi\.webview_profile\EBWebView\Default lastActive=2026-08-10T03:42:17.301Z
2026-08-10 03:44:49.283: [INFO] OnDoneLoading sync enabled: 0
2026-08-10 03:44:49.283: [INFO] BookmarkModelLoaded, ids_reassigned: 0
2026-08-10 03:44:49.283: [INFO] BookmarksLoadDropped droppedNodes=0
2026-08-10 03:44:49.283: [INFO] BookmarksSnapshot Startup total=0 bar=0 other=0 mobile=0 showBar=0 showBarNTP=1
2026-08-10 03:49:26.825: [INFO] BookmarksSnapshot Shutdown total=0 bar=0 other=0 mobile=0 showBar=0 showBarNTP=1
2026-08-10 03:51:45.418: [INFO] CurrentProfilePath: C:\Users\AxeilAchia\Desktop\HEY hachi\Hey-hachi\.webview_profile\EBWebView\Default
2026-08-10 03:51:45.419: [INFO] Profiles total count: 1
2026-08-10 03:51:45.419: [INFO] Profile: name=Profile 1 path=C:\Users\AxeilAchia\Desktop\HEY hachi\Hey-hachi\.webview_profile\EBWebView\Default lastActive=2026-08-10T03:47:14.161Z
2026-08-10 03:51:45.419: [INFO] LastUsedProfileDir: C:\Users\AxeilAchia\Desktop\HEY hachi\Hey-hachi\.webview_profile\EBWebView\Default
2026-08-10 03:51:45.419: [INFO] MostRecentlyActiveProfile: name=Profile 1 path=C:\Users\AxeilAchia\Desktop\HEY hachi\Hey-hachi\.webview_profile\EBWebView\Default lastActive=2026-08-10T03:47:14.161Z
2026-08-10 03:51:45.419: [INFO] OnDoneLoading sync enabled: 0
2026-08-10 03:51:45.419: [INFO] BookmarkModelLoaded, ids_reassigned: 0
2026-08-10 03:51:45.419: [INFO] BookmarksLoadDropped droppedNodes=0
2026-08-10 03:51:45.419: [INFO] BookmarksSnapshot Startup total=0 bar=0 other=0 mobile=0 showBar=0 showBarNTP=1
2026-08-10 03:57:31.087: [INFO] BookmarksSnapshot Shutdown total=0 bar=0 other=0 mobile=0 showBar=0 showBarNTP=1
2026-08-10 03:59:03.479: [INFO] CurrentProfilePath: C:\Users\AxeilAchia\Desktop\HEY hachi\Hey-hachi\.webview_profile\EBWebView\Default
2026-08-10 03:59:03.479: [INFO] Profiles total count: 1
2026-08-10 03:59:03.479: [INFO] Profile: name=Profile 1 path=C:\Users\AxeilAchia\Desktop\HEY hachi\Hey-hachi\.webview_profile\EBWebView\Default lastActive=2026-08-10T03:57:30.857Z
2026-08-10 03:59:03.479: [INFO] LastUsedProfileDir: C:\Users\AxeilAchia\Desktop\HEY hachi\Hey-hachi\.webview_profile\EBWebView\Default
2026-08-10 03:59:03.479: [INFO] MostRecentlyActiveProfile: name=Profile 1 path=C:\Users\AxeilAchia\Desktop\HEY hachi\Hey-hachi\.webview_profile\EBWebView\Default lastActive=2026-08-10T03:57:30.857Z
2026-08-10 03:59:03.479: [INFO] OnDoneLoading sync enabled: 0
2026-08-10 03:59:03.479: [INFO] BookmarkModelLoaded, ids_reassigned: 0
2026-08-10 03:59:03.479: [INFO] BookmarksLoadDropped droppedNodes=0
2026-08-10 03:59:03.479: [INFO] BookmarksSnapshot Startup total=0 bar=0 other=0 mobile=0 showBar=0 showBarNTP=1
2026-08-10 03:59:26.310: [INFO] BookmarksSnapshot Shutdown total=0 bar=0 other=0 mobile=0 showBar=0 showBarNTP=1
2026-08-10 04:04:07.630: [INFO] CurrentProfilePath: C:\Users\AxeilAchia\Desktop\HEY hachi\Hey-hachi\.webview_profile\EBWebView\Default
2026-08-10 04:04:07.630: [INFO] Profiles total count: 1
2026-08-10 04:04:07.630: [INFO] Profile: name=Profile 1 path=C:\Users\AxeilAchia\Desktop\HEY hachi\Hey-hachi\.webview_profile\EBWebView\Default lastActive=2026-08-10T03:59:03.571Z
2026-08-10 04:04:07.630: [INFO] LastUsedProfileDir: C:\Users\AxeilAchia\Desktop\HEY hachi\Hey-hachi\.webview_profile\EBWebView\Default
2026-08-10 04:04:07.630: [INFO] MostRecentlyActiveProfile: name=Profile 1 path=C:\Users\AxeilAchia\Desktop\HEY hachi\Hey-hachi\.webview_profile\EBWebView\Default lastActive=2026-08-10T03:59:03.571Z
2026-08-10 04:04:07.630: [INFO] OnDoneLoading sync enabled: 0
2026-08-10 04:04:07.630: [INFO] BookmarkModelLoaded, ids_reassigned: 0
2026-08-10 04:04:07.630: [INFO] BookmarksLoadDropped droppedNodes=0
2026-08-10 04:04:07.630: [INFO] BookmarksSnapshot Startup total=0 bar=0 other=0 mobile=0 showBar=0 showBarNTP=1
2026-08-10 04:05:16.435: [INFO] BookmarksSnapshot Shutdown total=0 bar=0 other=0 mobile=0 showBar=0 showBarNTP=1
2026-08-10 04:21:20.736: [INFO] CurrentProfilePath: C:\Users\AxeilAchia\Desktop\HEY hachi\Hey-hachi\.webview_profile\EBWebView\Default
2026-08-10 04:21:20.736: [INFO] Profiles total count: 1
2026-08-10 04:21:20.736: [INFO] Profile: name=Profile 1 path=C:\Users\AxeilAchia\Desktop\HEY hachi\Hey-hachi\.webview_profile\EBWebView\Default lastActive=2026-08-10T04:05:06.425Z
2026-08-10 04:21:20.736: [INFO] LastUsedProfileDir: C:\Users\AxeilAchia\Desktop\HEY hachi\Hey-hachi\.webview_profile\EBWebView\Default
2026-08-10 04:21:20.736: [INFO] MostRecentlyActiveProfile: name=Profile 1 path=C:\Users\AxeilAchia\Desktop\HEY hachi\Hey-hachi\.webview_profile\EBWebView\Default lastActive=2026-08-10T04:05:06.425Z
2026-08-10 04:21:20.736: [INFO] OnDoneLoading sync enabled: 0
2026-08-10 04:21:20.736: [INFO] BookmarkModelLoaded, ids_reassigned: 0
2026-08-10 04:21:20.736: [INFO] BookmarksLoadDropped droppedNodes=0
2026-08-10 04:21:20.736: [INFO] BookmarksSnapshot Startup total=0 bar=0 other=0 mobile=0 showBar=0 showBarNTP=1
2026-08-10 04:28:18.413: [INFO] BookmarksSnapshot Shutdown total=0 bar=0 other=0 mobile=0 showBar=0 showBarNTP=1
2026-08-10 04:43:18.789: [INFO] CurrentProfilePath: C:\Users\AxeilAchia\Desktop\HEY hachi\Hey-hachi\.webview_profile\EBWebView\Default
2026-08-10 04:43:18.789: [INFO] Profiles total count: 1
2026-08-10 04:43:18.790: [INFO] Profile: name=Profile 1 path=C:\Users\AxeilAchia\Desktop\HEY hachi\Hey-hachi\.webview_profile\EBWebView\Default lastActive=2026-08-10T04:26:47.813Z
2026-08-10 04:43:18.790: [INFO] LastUsedProfileDir: C:\Users\AxeilAchia\Desktop\HEY hachi\Hey-hachi\.webview_profile\EBWebView\Default
2026-08-10 04:43:18.790: [INFO] MostRecentlyActiveProfile: name=Profile 1 path=C:\Users\AxeilAchia\Desktop\HEY hachi\Hey-hachi\.webview_profile\EBWebView\Default lastActive=2026-08-10T04:26:47.813Z
2026-08-10 04:43:18.790: [INFO] OnDoneLoading sync enabled: 0
2026-08-10 04:43:18.790: [INFO] BookmarkModelLoaded, ids_reassigned: 0
2026-08-10 04:43:18.790: [INFO] BookmarksLoadDropped droppedNodes=0
2026-08-10 04:43:18.790: [INFO] BookmarksSnapshot Startup total=0 bar=0 other=0 mobile=0 showBar=0 showBarNTP=1
2026-08-10 04:46:42.491: [INFO] BookmarksSnapshot Shutdown total=0 bar=0 other=0 mobile=0 showBar=0 showBarNTP=1
2026-08-14 03:41:58.405: [INFO] CurrentProfilePath: C:\Users\AxeilAchia\Desktop\HEY hachi\Hey-hachi\.webview_profile\EBWebView\Default
2026-08-14 03:41:58.405: [INFO] Profiles total count: 1
2026-08-14 03:41:58.405: [INFO] Profile: name=Profile 1 path=C:\Users\AxeilAchia\Desktop\HEY hachi\Hey-hachi\.webview_profile\EBWebView\Default lastActive=2026-08-10T04:45:20.014Z
2026-08-14 03:41:58.405: [INFO] LastUsedProfileDir: C:\Users\AxeilAchia\Desktop\HEY hachi\Hey-hachi\.webview_profile\EBWebView\Default
2026-08-14 03:41:58.405: [INFO] MostRecentlyActiveProfile: name=Profile 1 path=C:\Users\AxeilAchia\Desktop\HEY hachi\Hey-hachi\.webview_profile\EBWebView\Default lastActive=2026-08-10T04:45:20.014Z
2026-08-14 03:41:58.405: [INFO] OnDoneLoading sync enabled: 0
2026-08-14 03:41:58.405: [INFO] BookmarkModelLoaded, ids_reassigned: 0
2026-08-14 03:41:58.405: [INFO] BookmarksLoadDropped droppedNodes=0
2026-08-14 03:41:58.405: [INFO] BookmarksSnapshot Startup total=0 bar=0 other=0 mobile=0 showBar=0 showBarNTP=1
2026-08-14 03:44:11.587: [INFO] BookmarksSnapshot Shutdown total=0 bar=0 other=0 mobile=0 showBar=0 showBarNTP=1
2026-08-14 03:44:34.264: [INFO] CurrentProfilePath: C:\Users\AxeilAchia\Desktop\HEY hachi\Hey-hachi\.webview_profile\EBWebView\Default
2026-08-14 03:44:34.264: [INFO] Profiles total count: 1
2026-08-14 03:44:34.264: [INFO] Profile: name=Profile 1 path=C:\Users\AxeilAchia\Desktop\HEY hachi\Hey-hachi\.webview_profile\EBWebView\Default lastActive=2026-08-14T03:43:58.139Z
2026-08-14 03:44:34.264: [INFO] LastUsedProfileDir: C:\Users\AxeilAchia\Desktop\HEY hachi\Hey-hachi\.webview_profile\EBWebView\Default
2026-08-14 03:44:34.264: [INFO] MostRecentlyActiveProfile: name=Profile 1 path=C:\Users\AxeilAchia\Desktop\HEY hachi\Hey-hachi\.webview_profile\EBWebView\Default lastActive=2026-08-14T03:43:58.139Z
2026-08-14 03:44:34.264: [INFO] OnDoneLoading sync enabled: 0
2026-08-14 03:44:34.264: [INFO] BookmarkModelLoaded, ids_reassigned: 0
2026-08-14 03:44:34.264: [INFO] BookmarksLoadDropped droppedNodes=0
2026-08-14 03:44:34.264: [INFO] BookmarksSnapshot Startup total=0 bar=0 other=0 mobile=0 showBar=0 showBarNTP=1
2026-08-14 03:54:27.829: [INFO] BookmarksSnapshot Shutdown total=0 bar=0 other=0 mobile=0 showBar=0 showBarNTP=1
2026-08-14 03:54:50.559: [INFO] CurrentProfilePath: C:\Users\AxeilAchia\Desktop\HEY hachi\Hey-hachi\.webview_profile\EBWebView\Default
2026-08-14 03:54:50.559: [INFO] Profiles total count: 1
2026-08-14 03:54:50.559: [INFO] Profile: name=Profile 1 path=C:\Users\AxeilAchia\Desktop\HEY hachi\Hey-hachi\.webview_profile\EBWebView\Default lastActive=2026-08-14T03:54:19.360Z
2026-08-14 03:54:50.559: [INFO] LastUsedProfileDir: C:\Users\AxeilAchia\Desktop\HEY hachi\Hey-hachi\.webview_profile\EBWebView\Default
2026-08-14 03:54:50.559: [INFO] MostRecentlyActiveProfile: name=Profile 1 path=C:\Users\AxeilAchia\Desktop\HEY hachi\Hey-hachi\.webview_profile\EBWebView\Default lastActive=2026-08-14T03:54:19.360Z
2026-08-14 03:54:50.559: [INFO] OnDoneLoading sync enabled: 0
2026-08-14 03:54:50.559: [INFO] BookmarkModelLoaded, ids_reassigned: 0
2026-08-14 03:54:50.559: [INFO] BookmarksLoadDropped droppedNodes=0
2026-08-14 03:54:50.559: [INFO] BookmarksSnapshot Startup total=0 bar=0 other=0 mobile=0 showBar=0 showBarNTP=1
2026-08-14 03:55:35.766: [INFO] BookmarksSnapshot Shutdown total=0 bar=0 other=0 mobile=0 showBar=0 showBarNTP=1
2026-08-14 03:55:58.201: [INFO] CurrentProfilePath: C:\Users\AxeilAchia\Desktop\HEY hachi\Hey-hachi\.webview_profile\EBWebView\Default
2026-08-14 03:55:58.201: [INFO] Profiles total count: 1
2026-08-14 03:55:58.201: [INFO] Profile: name=Profile 1 path=C:\Users\AxeilAchia\Desktop\HEY hachi\Hey-hachi\.webview_profile\EBWebView\Default lastActive=2026-08-14T03:55:23.311Z
2026-08-14 03:55:58.201: [INFO] LastUsedProfileDir: C:\Users\AxeilAchia\Desktop\HEY hachi\Hey-hachi\.webview_profile\EBWebView\Default
2026-08-14 03:55:58.201: [INFO] MostRecentlyActiveProfile: name=Profile 1 path=C:\Users\AxeilAchia\Desktop\HEY hachi\Hey-hachi\.webview_profile\EBWebView\Default lastActive=2026-08-14T03:55:23.311Z
2026-08-14 03:55:58.201: [INFO] OnDoneLoading sync enabled: 0
2026-08-14 03:55:58.201: [INFO] BookmarkModelLoaded, ids_reassigned: 0
2026-08-14 03:55:58.201: [INFO] BookmarksLoadDropped droppedNodes=0
2026-08-14 03:55:58.201: [INFO] BookmarksSnapshot Startup total=0 bar=0 other=0 mobile=0 showBar=0 showBarNTP=1
2026-08-14 03:57:31.564: [INFO] BookmarksSnapshot Shutdown total=0 bar=0 other=0 mobile=0 showBar=0 showBarNTP=1
2026-08-14 03:58:16.017: [INFO] CurrentProfilePath: C:\Users\AxeilAchia\Desktop\HEY hachi\Hey-hachi\.webview_profile\EBWebView\Default
2026-08-14 03:58:16.018: [INFO] Profiles total count: 1
2026-08-14 03:58:16.018: [INFO] Profile: name=Profile 1 path=C:\Users\AxeilAchia\Desktop\HEY hachi\Hey-hachi\.webview_profile\EBWebView\Default lastActive=2026-08-14T03:55:58.313Z
2026-08-14 03:58:16.018: [INFO] LastUsedProfileDir: C:\Users\AxeilAchia\Desktop\HEY hachi\Hey-hachi\.webview_profile\EBWebView\Default
2026-08-14 03:58:16.018: [INFO] MostRecentlyActiveProfile: name=Profile 1 path=C:\Users\AxeilAchia\Desktop\HEY hachi\Hey-hachi\.webview_profile\EBWebView\Default lastActive=2026-08-14T03:55:58.313Z
2026-08-14 03:58:16.018: [INFO] OnDoneLoading sync enabled: 0
2026-08-14 03:58:16.018: [INFO] BookmarkModelLoaded, ids_reassigned: 0
2026-08-14 03:58:16.018: [INFO] BookmarksLoadDropped droppedNodes=0
2026-08-14 03:58:16.018: [INFO] BookmarksSnapshot Startup total=0 bar=0 other=0 mobile=0 showBar=0 showBarNTP=1
2026-08-14 03:59:41.915: [INFO] BookmarksSnapshot Shutdown total=0 bar=0 other=0 mobile=0 showBar=0 showBarNTP=1
2026-08-14 04:24:14.482: [INFO] CurrentProfilePath: C:\Users\AxeilAchia\Desktop\HEY hachi\Hey-hachi\.webview_profile\EBWebView\Default
2026-08-14 04:24:14.482: [INFO] Profiles total count: 1
2026-08-14 04:24:14.483: [INFO] Profile: name=Profile 1 path=C:\Users\AxeilAchia\Desktop\HEY hachi\Hey-hachi\.webview_profile\EBWebView\Default lastActive=2026-08-14T03:59:36.207Z
2026-08-14 04:24:14.483: [INFO] LastUsedProfileDir: C:\Users\AxeilAchia\Desktop\HEY hachi\Hey-hachi\.webview_profile\EBWebView\Default
2026-08-14 04:24:14.483: [INFO] MostRecentlyActiveProfile: name=Profile 1 path=C:\Users\AxeilAchia\Desktop\HEY hachi\Hey-hachi\.webview_profile\EBWebView\Default lastActive=2026-08-14T03:59:36.207Z
2026-08-14 04:24:14.483: [INFO] OnDoneLoading sync enabled: 0
2026-08-14 04:24:14.483: [INFO] BookmarkModelLoaded, ids_reassigned: 0
2026-08-14 04:24:14.483: [INFO] BookmarksLoadDropped droppedNodes=0
2026-08-14 04:24:14.483: [INFO] BookmarksSnapshot Startup total=0 bar=0 other=0 mobile=0 showBar=0 showBarNTP=1
2026-08-14 04:28:39.970: [INFO] BookmarksSnapshot Shutdown total=0 bar=0 other=0 mobile=0 showBar=0 showBarNTP=1
2026-08-14 04:45:48.435: [INFO] CurrentProfilePath: C:\Users\AxeilAchia\Desktop\HEY hachi\Hey-hachi\.webview_profile\EBWebView\Default
2026-08-14 04:45:48.435: [INFO] Profiles total count: 1
2026-08-14 04:45:48.435: [INFO] Profile: name=Profile 1 path=C:\Users\AxeilAchia\Desktop\HEY hachi\Hey-hachi\.webview_profile\EBWebView\Default lastActive=2026-08-14T04:28:23.280Z
2026-08-14 04:45:48.435: [INFO] LastUsedProfileDir: C:\Users\AxeilAchia\Desktop\HEY hachi\Hey-hachi\.webview_profile\EBWebView\Default
2026-08-14 04:45:48.435: [INFO] MostRecentlyActiveProfile: name=Profile 1 path=C:\Users\AxeilAchia\Desktop\HEY hachi\Hey-hachi\.webview_profile\EBWebView\Default lastActive=2026-08-14T04:28:23.280Z
2026-08-14 04:45:48.435: [INFO] OnDoneLoading sync enabled: 0
2026-08-14 04:45:48.435: [INFO] BookmarkModelLoaded, ids_reassigned: 0
2026-08-14 04:45:48.435: [INFO] BookmarksLoadDropped droppedNodes=0
2026-08-14 04:45:48.435: [INFO] BookmarksSnapshot Startup total=0 bar=0 other=0 mobile=0 showBar=0 showBarNTP=1
2026-08-14 05:03:43.805: [INFO] BookmarksSnapshot Shutdown total=0 bar=0 other=0 mobile=0 showBar=0 showBarNTP=1
2026-08-14 05:04:12.572: [INFO] CurrentProfilePath: C:\Users\AxeilAchia\Desktop\HEY hachi\Hey-hachi\.webview_profile\EBWebView\Default
2026-08-14 05:04:12.572: [INFO] Profiles total count: 1
2026-08-14 05:04:12.572: [INFO] Profile: name=Profile 1 path=C:\Users\AxeilAchia\Desktop\HEY hachi\Hey-hachi\.webview_profile\EBWebView\Default lastActive=2026-08-14T05:03:42.762Z
2026-08-14 05:04:12.572: [INFO] LastUsedProfileDir: C:\Users\AxeilAchia\Desktop\HEY hachi\Hey-hachi\.webview_profile\EBWebView\Default
2026-08-14 05:04:12.572: [INFO] MostRecentlyActiveProfile: name=Profile 1 path=C:\Users\AxeilAchia\Desktop\HEY hachi\Hey-hachi\.webview_profile\EBWebView\Default lastActive=2026-08-14T05:03:42.762Z
2026-08-14 05:04:12.572: [INFO] OnDoneLoading sync enabled: 0
2026-08-14 05:04:12.572: [INFO] BookmarkModelLoaded, ids_reassigned: 0
2026-08-14 05:04:12.572: [INFO] BookmarksLoadDropped droppedNodes=0
2026-08-14 05:04:12.572: [INFO] BookmarksSnapshot Startup total=0 bar=0 other=0 mobile=0 showBar=0 showBarNTP=1
2026-08-14 05:08:30.744: [INFO] BookmarksSnapshot Shutdown total=0 bar=0 other=0 mobile=0 showBar=0 showBarNTP=1
2026-08-14 07:35:20.192: [INFO] CurrentProfilePath: C:\Users\AxeilAchia\Desktop\HEY hachi\Hey-hachi\.webview_profile\EBWebView\Default
2026-08-14 07:35:20.192: [INFO] Profiles total count: 1
2026-08-14 07:35:20.193: [INFO] Profile: name=Profile 1 path=C:\Users\AxeilAchia\Desktop\HEY hachi\Hey-hachi\.webview_profile\EBWebView\Default lastActive=2026-08-14T05:08:29.790Z
2026-08-14 07:35:20.193: [INFO] LastUsedProfileDir: C:\Users\AxeilAchia\Desktop\HEY hachi\Hey-hachi\.webview_profile\EBWebView\Default
2026-08-14 07:35:20.193: [INFO] MostRecentlyActiveProfile: name=Profile 1 path=C:\Users\AxeilAchia\Desktop\HEY hachi\Hey-hachi\.webview_profile\EBWebView\Default lastActive=2026-08-14T05:08:29.790Z
2026-08-14 07:35:20.193: [INFO] OnDoneLoading sync enabled: 0
2026-08-14 07:35:20.193: [INFO] BookmarkModelLoaded, ids_reassigned: 0
2026-08-14 07:35:20.193: [INFO] BookmarksLoadDropped droppedNodes=0
2026-08-14 07:35:20.193: [INFO] BookmarksSnapshot Startup total=0 bar=0 other=0 mobile=0 showBar=0 showBarNTP=1
2026-08-14 08:19:43.513: [INFO] BookmarksSnapshot Shutdown total=0 bar=0 other=0 mobile=0 showBar=0 showBarNTP=1
2026-08-14 23:34:36.420: [INFO] CurrentProfilePath: C:\Users\AxeilAchia\Desktop\HEY hachi\Hey-hachi\.webview_profile\EBWebView\Default
2026-08-14 23:34:36.420: [INFO] Profiles total count: 1
2026-08-14 23:34:36.420: [INFO] Profile: name=Profile 1 path=C:\Users\AxeilAchia\Desktop\HEY hachi\Hey-hachi\.webview_profile\EBWebView\Default lastActive=2026-08-14T08:19:41.209Z
2026-08-14 23:34:36.420: [INFO] LastUsedProfileDir: C:\Users\AxeilAchia\Desktop\HEY hachi\Hey-hachi\.webview_profile\EBWebView\Default
2026-08-14 23:34:36.420: [INFO] MostRecentlyActiveProfile: name=Profile 1 path=C:\Users\AxeilAchia\Desktop\HEY hachi\Hey-hachi\.webview_profile\EBWebView\Default lastActive=2026-08-14T08:19:41.209Z
2026-08-14 23:34:36.420: [INFO] OnDoneLoading sync enabled: 0
2026-08-14 23:34:36.420: [INFO] BookmarkModelLoaded, ids_reassigned: 0
2026-08-14 23:34:36.420: [INFO] BookmarksLoadDropped droppedNodes=0
2026-08-14 23:34:36.420: [INFO] BookmarksSnapshot Startup total=0 bar=0 other=0 mobile=0 showBar=0 showBarNTP=1
2026-08-14 23:36:22.462: [INFO] BookmarksSnapshot Shutdown total=0 bar=0 other=0 mobile=0 showBar=0 showBarNTP=1
2026-08-15 00:04:19.865: [INFO] CurrentProfilePath: C:\Users\AxeilAchia\Desktop\HEY hachi\Hey-hachi\.webview_profile\EBWebView\Default
2026-08-15 00:04:19.865: [INFO] Profiles total count: 1
2026-08-15 00:04:19.866: [INFO] Profile: name=Profile 1 path=C:\Users\AxeilAchia\Desktop\HEY hachi\Hey-hachi\.webview_profile\EBWebView\Default lastActive=2026-08-14T23:36:22.107Z
2026-08-15 00:04:19.866: [INFO] LastUsedProfileDir: C:\Users\AxeilAchia\Desktop\HEY hachi\Hey-hachi\.webview_profile\EBWebView\Default
2026-08-15 00:04:19.866: [INFO] MostRecentlyActiveProfile: name=Profile 1 path=C:\Users\AxeilAchia\Desktop\HEY hachi\Hey-hachi\.webview_profile\EBWebView\Default lastActive=2026-08-14T23:36:22.107Z
2026-08-15 00:04:19.866: [INFO] OnDoneLoading sync enabled: 0
2026-08-15 00:04:19.866: [INFO] BookmarkModelLoaded, ids_reassigned: 0
2026-08-15 00:04:19.866: [INFO] BookmarksLoadDropped droppedNodes=0
2026-08-15 00:04:19.866: [INFO] BookmarksSnapshot Startup total=0 bar=0 other=0 mobile=0 showBar=0 showBarNTP=1
2026-08-15 00:14:15.965: [INFO] BookmarksSnapshot Shutdown total=0 bar=0 other=0 mobile=0 showBar=0 showBarNTP=1
2026-08-15 00:14:58.624: [INFO] CurrentProfilePath: C:\Users\AxeilAchia\Desktop\HEY hachi\Hey-hachi\.webview_profile\EBWebView\Default
2026-08-15 00:14:58.624: [INFO] Profiles total count: 1
2026-08-15 00:14:58.624: [INFO] Profile: name=Profile 1 path=C:\Users\AxeilAchia\Desktop\HEY hachi\Hey-hachi\.webview_profile\EBWebView\Default lastActive=2026-08-15T00:13:59.655Z
2026-08-15 00:14:58.624: [INFO] LastUsedProfileDir: C:\Users\AxeilAchia\Desktop\HEY hachi\Hey-hachi\.webview_profile\EBWebView\Default
2026-08-15 00:14:58.624: [INFO] MostRecentlyActiveProfile: name=Profile 1 path=C:\Users\AxeilAchia\Desktop\HEY hachi\Hey-hachi\.webview_profile\EBWebView\Default lastActive=2026-08-15T00:13:59.655Z
2026-08-15 00:14:58.624: [INFO] OnDoneLoading sync enabled: 0
2026-08-15 00:14:58.624: [INFO] BookmarkModelLoaded, ids_reassigned: 0
2026-08-15 00:14:58.624: [INFO] BookmarksLoadDropped droppedNodes=0
2026-08-15 00:14:58.624: [INFO] BookmarksSnapshot Startup total=0 bar=0 other=0 mobile=0 showBar=0 showBarNTP=1
2026-08-15 00:15:10.022: [INFO] BookmarksSnapshot Shutdown total=0 bar=0 other=0 mobile=0 showBar=0 showBarNTP=1
2026-08-15 00:21:21.843: [INFO] CurrentProfilePath: C:\Users\AxeilAchia\Desktop\HEY hachi\Hey-hachi\.webview_profile\EBWebView\Default
2026-08-15 00:21:21.843: [INFO] Profiles total count: 1
2026-08-15 00:21:21.844: [INFO] Profile: name=Profile 1 path=C:\Users\AxeilAchia\Desktop\HEY hachi\Hey-hachi\.webview_profile\EBWebView\Default lastActive=2026-08-15T00:14:58.753Z
2026-08-15 00:21:21.844: [INFO] LastUsedProfileDir: C:\Users\AxeilAchia\Desktop\HEY hachi\Hey-hachi\.webview_profile\EBWebView\Default
2026-08-15 00:21:21.844: [INFO] MostRecentlyActiveProfile: name=Profile 1 path=C:\Users\AxeilAchia\Desktop\HEY hachi\Hey-hachi\.webview_profile\EBWebView\Default lastActive=2026-08-15T00:14:58.753Z
2026-08-15 00:21:21.844: [INFO] OnDoneLoading sync enabled: 0
2026-08-15 00:21:21.844: [INFO] BookmarkModelLoaded, ids_reassigned: 0
2026-08-15 00:21:21.844: [INFO] BookmarksLoadDropped droppedNodes=0
2026-08-15 00:21:21.844: [INFO] BookmarksSnapshot Startup total=0 bar=0 other=0 mobile=0 showBar=0 showBarNTP=1
2026-08-15 00:27:49.298: [INFO] BookmarksSnapshot Shutdown total=0 bar=0 other=0 mobile=0 showBar=0 showBarNTP=1
2026-08-15 00:28:26.124: [INFO] CurrentProfilePath: C:\Users\AxeilAchia\Desktop\HEY hachi\Hey-hachi\.webview_profile\EBWebView\Default
2026-08-15 00:28:26.124: [INFO] Profiles total count: 1
2026-08-15 00:28:26.124: [INFO] Profile: name=Profile 1 path=C:\Users\AxeilAchia\Desktop\HEY hachi\Hey-hachi\.webview_profile\EBWebView\Default lastActive=2026-08-15T00:27:10.080Z
2026-08-15 00:28:26.124: [INFO] LastUsedProfileDir: C:\Users\AxeilAchia\Desktop\HEY hachi\Hey-hachi\.webview_profile\EBWebView\Default
2026-08-15 00:28:26.125: [INFO] MostRecentlyActiveProfile: name=Profile 1 path=C:\Users\AxeilAchia\Desktop\HEY hachi\Hey-hachi\.webview_profile\EBWebView\Default lastActive=2026-08-15T00:27:10.080Z
2026-08-15 00:28:26.125: [INFO] OnDoneLoading sync enabled: 0
2026-08-15 00:28:26.125: [INFO] BookmarkModelLoaded, ids_reassigned: 0
2026-08-15 00:28:26.125: [INFO] BookmarksLoadDropped droppedNodes=0
2026-08-15 00:28:26.125: [INFO] BookmarksSnapshot Startup total=0 bar=0 other=0 mobile=0 showBar=0 showBarNTP=1
2026-08-15 00:29:46.188: [INFO] BookmarksSnapshot Shutdown total=0 bar=0 other=0 mobile=0 showBar=0 showBarNTP=1
2026-08-15 00:30:36.089: [INFO] CurrentProfilePath: C:\Users\AxeilAchia\Desktop\HEY hachi\Hey-hachi\.webview_profile\EBWebView\Default
2026-08-15 00:30:36.089: [INFO] Profiles total count: 1
2026-08-15 00:30:36.089: [INFO] Profile: name=Profile 1 path=C:\Users\AxeilAchia\Desktop\HEY hachi\Hey-hachi\.webview_profile\EBWebView\Default lastActive=2026-08-15T00:29:44.250Z
2026-08-15 00:30:36.089: [INFO] LastUsedProfileDir: C:\Users\AxeilAchia\Desktop\HEY hachi\Hey-hachi\.webview_profile\EBWebView\Default
2026-08-15 00:30:36.089: [INFO] MostRecentlyActiveProfile: name=Profile 1 path=C:\Users\AxeilAchia\Desktop\HEY hachi\Hey-hachi\.webview_profile\EBWebView\Default lastActive=2026-08-15T00:29:44.250Z
2026-08-15 00:30:36.089: [INFO] OnDoneLoading sync enabled: 0
2026-08-15 00:30:36.089: [INFO] BookmarkModelLoaded, ids_reassigned: 0
2026-08-15 00:30:36.089: [INFO] BookmarksLoadDropped droppedNodes=0
2026-08-15 00:30:36.089: [INFO] BookmarksSnapshot Startup total=0 bar=0 other=0 mobile=0 showBar=0 showBarNTP=1
2026-08-15 00:32:06.739: [INFO] BookmarksSnapshot Shutdown total=0 bar=0 other=0 mobile=0 showBar=0 showBarNTP=1
2026-08-15 00:32:31.969: [INFO] CurrentProfilePath: C:\Users\AxeilAchia\Desktop\HEY hachi\Hey-hachi\.webview_profile\EBWebView\Default
2026-08-15 00:32:31.969: [INFO] Profiles total count: 1
2026-08-15 00:32:31.969: [INFO] Profile: name=Profile 1 path=C:\Users\AxeilAchia\Desktop\HEY hachi\Hey-hachi\.webview_profile\EBWebView\Default lastActive=2026-08-15T00:32:00.771Z
2026-08-15 00:32:31.969: [INFO] LastUsedProfileDir: C:\Users\AxeilAchia\Desktop\HEY hachi\Hey-hachi\.webview_profile\EBWebView\Default
2026-08-15 00:32:31.969: [INFO] MostRecentlyActiveProfile: name=Profile 1 path=C:\Users\AxeilAchia\Desktop\HEY hachi\Hey-hachi\.webview_profile\EBWebView\Default lastActive=2026-08-15T00:32:00.771Z
2026-08-15 00:32:31.969: [INFO] OnDoneLoading sync enabled: 0
2026-08-15 00:32:31.969: [INFO] BookmarkModelLoaded, ids_reassigned: 0
2026-08-15 00:32:31.969: [INFO] BookmarksLoadDropped droppedNodes=0
2026-08-15 00:32:31.969: [INFO] BookmarksSnapshot Startup total=0 bar=0 other=0 mobile=0 showBar=0 showBarNTP=1
2026-08-15 00:35:03.588: [INFO] BookmarksSnapshot Shutdown total=0 bar=0 other=0 mobile=0 showBar=0 showBarNTP=1
2026-08-15 00:37:28.653: [INFO] CurrentProfilePath: C:\Users\AxeilAchia\Desktop\HEY hachi\Hey-hachi\.webview_profile\EBWebView\Default
2026-08-15 00:37:28.653: [INFO] Profiles total count: 1
2026-08-15 00:37:28.653: [INFO] Profile: name=Profile 1 path=C:\Users\AxeilAchia\Desktop\HEY hachi\Hey-hachi\.webview_profile\EBWebView\Default lastActive=2026-08-15T00:35:02.975Z
2026-08-15 00:37:28.653: [INFO] LastUsedProfileDir: C:\Users\AxeilAchia\Desktop\HEY hachi\Hey-hachi\.webview_profile\EBWebView\Default
2026-08-15 00:37:28.653: [INFO] MostRecentlyActiveProfile: name=Profile 1 path=C:\Users\AxeilAchia\Desktop\HEY hachi\Hey-hachi\.webview_profile\EBWebView\Default lastActive=2026-08-15T00:35:02.975Z
2026-08-15 00:37:28.653: [INFO] OnDoneLoading sync enabled: 0
2026-08-15 00:37:28.653: [INFO] BookmarkModelLoaded, ids_reassigned: 0
2026-08-15 00:37:28.653: [INFO] BookmarksLoadDropped droppedNodes=0
2026-08-15 00:37:28.653: [INFO] BookmarksSnapshot Startup total=0 bar=0 other=0 mobile=0 showBar=0 showBarNTP=1
2026-08-15 00:39:45.796: [INFO] BookmarksSnapshot Shutdown total=0 bar=0 other=0 mobile=0 showBar=0 showBarNTP=1
2026-08-15 00:40:17.650: [INFO] CurrentProfilePath: C:\Users\AxeilAchia\Desktop\HEY hachi\Hey-hachi\.webview_profile\EBWebView\Default
2026-08-15 00:40:17.651: [INFO] Profiles total count: 1
2026-08-15 00:40:17.651: [INFO] Profile: name=Profile 1 path=C:\Users\AxeilAchia\Desktop\HEY hachi\Hey-hachi\.webview_profile\EBWebView\Default lastActive=2026-08-15T00:39:43.247Z
2026-08-15 00:40:17.651: [INFO] LastUsedProfileDir: C:\Users\AxeilAchia\Desktop\HEY hachi\Hey-hachi\.webview_profile\EBWebView\Default
2026-08-15 00:40:17.651: [INFO] MostRecentlyActiveProfile: name=Profile 1 path=C:\Users\AxeilAchia\Desktop\HEY hachi\Hey-hachi\.webview_profile\EBWebView\Default lastActive=2026-08-15T00:39:43.247Z
2026-08-15 00:40:17.651: [INFO] OnDoneLoading sync enabled: 0
2026-08-15 00:40:17.651: [INFO] BookmarkModelLoaded, ids_reassigned: 0
2026-08-15 00:40:17.651: [INFO] BookmarksLoadDropped droppedNodes=0
2026-08-15 00:40:17.651: [INFO] BookmarksSnapshot Startup total=0 bar=0 other=0 mobile=0 showBar=0 showBarNTP=1
2026-08-15 00:43:53.121: [INFO] BookmarksSnapshot Shutdown total=0 bar=0 other=0 mobile=0 showBar=0 showBarNTP=1
2026-08-15 00:44:11.618: [INFO] CurrentProfilePath: C:\Users\AxeilAchia\Desktop\HEY hachi\Hey-hachi\.webview_profile\EBWebView\Default
2026-08-15 00:44:11.618: [INFO] Profiles total count: 1
2026-08-15 00:44:11.618: [INFO] Profile: name=Profile 1 path=C:\Users\AxeilAchia\Desktop\HEY hachi\Hey-hachi\.webview_profile\EBWebView\Default lastActive=2026-08-15T00:43:49.092Z
2026-08-15 00:44:11.618: [INFO] LastUsedProfileDir: C:\Users\AxeilAchia\Desktop\HEY hachi\Hey-hachi\.webview_profile\EBWebView\Default
2026-08-15 00:44:11.618: [INFO] MostRecentlyActiveProfile: name=Profile 1 path=C:\Users\AxeilAchia\Desktop\HEY hachi\Hey-hachi\.webview_profile\EBWebView\Default lastActive=2026-08-15T00:43:49.092Z
2026-08-15 00:44:11.618: [INFO] OnDoneLoading sync enabled: 0
2026-08-15 00:44:11.618: [INFO] BookmarkModelLoaded, ids_reassigned: 0
2026-08-15 00:44:11.618: [INFO] BookmarksLoadDropped droppedNodes=0
2026-08-15 00:44:11.618: [INFO] BookmarksSnapshot Startup total=0 bar=0 other=0 mobile=0 showBar=0 showBarNTP=1
2026-08-15 00:44:44.830: [INFO] BookmarksSnapshot Shutdown total=0 bar=0 other=0 mobile=0 showBar=0 showBarNTP=1
2026-08-15 00:45:03.653: [INFO] CurrentProfilePath: C:\Users\AxeilAchia\Desktop\HEY hachi\Hey-hachi\.webview_profile\EBWebView\Default
2026-08-15 00:45:03.653: [INFO] Profiles total count: 1
2026-08-15 00:45:03.653: [INFO] Profile: name=Profile 1 path=C:\Users\AxeilAchia\Desktop\HEY hachi\Hey-hachi\.webview_profile\EBWebView\Default lastActive=2026-08-15T00:44:39.407Z
2026-08-15 00:45:03.653: [INFO] LastUsedProfileDir: C:\Users\AxeilAchia\Desktop\HEY hachi\Hey-hachi\.webview_profile\EBWebView\Default
2026-08-15 00:45:03.654: [INFO] MostRecentlyActiveProfile: name=Profile 1 path=C:\Users\AxeilAchia\Desktop\HEY hachi\Hey-hachi\.webview_profile\EBWebView\Default lastActive=2026-08-15T00:44:39.407Z
2026-08-15 00:45:03.654: [INFO] OnDoneLoading sync enabled: 0
2026-08-15 00:45:03.654: [INFO] BookmarkModelLoaded, ids_reassigned: 0
2026-08-15 00:45:03.654: [INFO] BookmarksLoadDropped droppedNodes=0
2026-08-15 00:45:03.654: [INFO] BookmarksSnapshot Startup total=0 bar=0 other=0 mobile=0 showBar=0 showBarNTP=1
2026-08-15 00:45:45.935: [INFO] BookmarksSnapshot Shutdown total=0 bar=0 other=0 mobile=0 showBar=0 showBarNTP=1
2026-08-15 00:46:05.582: [INFO] CurrentProfilePath: C:\Users\AxeilAchia\Desktop\HEY hachi\Hey-hachi\.webview_profile\EBWebView\Default
2026-08-15 00:46:05.582: [INFO] Profiles total count: 1
2026-08-15 00:46:05.583: [INFO] Profile: name=Profile 1 path=C:\Users\AxeilAchia\Desktop\HEY hachi\Hey-hachi\.webview_profile\EBWebView\Default lastActive=2026-08-15T00:45:44.118Z
2026-08-15 00:46:05.583: [INFO] LastUsedProfileDir: C:\Users\AxeilAchia\Desktop\HEY hachi\Hey-hachi\.webview_profile\EBWebView\Default
2026-08-15 00:46:05.583: [INFO] MostRecentlyActiveProfile: name=Profile 1 path=C:\Users\AxeilAchia\Desktop\HEY hachi\Hey-hachi\.webview_profile\EBWebView\Default lastActive=2026-08-15T00:45:44.118Z
2026-08-15 00:46:05.583: [INFO] OnDoneLoading sync enabled: 0
2026-08-15 00:46:05.583: [INFO] BookmarkModelLoaded, ids_reassigned: 0
2026-08-15 00:46:05.583: [INFO] BookmarksLoadDropped droppedNodes=0
2026-08-15 00:46:05.583: [INFO] BookmarksSnapshot Startup total=0 bar=0 other=0 mobile=0 showBar=0 showBarNTP=1
2026-08-15 00:49:20.503: [INFO] BookmarksSnapshot Shutdown total=0 bar=0 other=0 mobile=0 showBar=0 showBarNTP=1
2026-08-15 00:50:53.185: [INFO] CurrentProfilePath: C:\Users\AxeilAchia\Desktop\HEY hachi\Hey-hachi\.webview_profile\EBWebView\Default
2026-08-15 00:50:53.185: [INFO] Profiles total count: 1
2026-08-15 00:50:53.185: [INFO] Profile: name=Profile 1 path=C:\Users\AxeilAchia\Desktop\HEY hachi\Hey-hachi\.webview_profile\EBWebView\Default lastActive=2026-08-15T00:48:43.871Z
2026-08-15 00:50:53.185: [INFO] LastUsedProfileDir: C:\Users\AxeilAchia\Desktop\HEY hachi\Hey-hachi\.webview_profile\EBWebView\Default
2026-08-15 00:50:53.185: [INFO] MostRecentlyActiveProfile: name=Profile 1 path=C:\Users\AxeilAchia\Desktop\HEY hachi\Hey-hachi\.webview_profile\EBWebView\Default lastActive=2026-08-15T00:48:43.871Z
2026-08-15 00:50:53.185: [INFO] OnDoneLoading sync enabled: 0
2026-08-15 00:50:53.185: [INFO] BookmarkModelLoaded, ids_reassigned: 0
2026-08-15 00:50:53.185: [INFO] BookmarksLoadDropped droppedNodes=0
2026-08-15 00:50:53.185: [INFO] BookmarksSnapshot Startup total=0 bar=0 other=0 mobile=0 showBar=0 showBarNTP=1
2026-08-15 01:27:06.724: [INFO] BookmarksSnapshot Shutdown total=0 bar=0 other=0 mobile=0 showBar=0 showBarNTP=1
